[2021-08-13T12:09:43.660+0200][0.025s] Heap region size: 1M
[2021-08-13T12:09:43.669+0200][0.034s] Using G1
[2021-08-13T12:09:43.669+0200][0.034s] Heap address: 0x00000000e0000000, size: 512 MB, Compressed Oops mode: 32-bit
[2021-08-13T12:09:44.001+0200][0.366s] GC(0) Pause Young (Normal) (G1 Evacuation Pause)
[2021-08-13T12:09:44.002+0200][0.367s] GC(0) Using 12 workers of 13 for evacuation
[2021-08-13T12:09:44.004+0200][0.368s] GC(0)   Pre Evacuate Collection Set: 0.0ms
[2021-08-13T12:09:44.004+0200][0.368s] GC(0)   Evacuate Collection Set: 1.5ms
[2021-08-13T12:09:44.004+0200][0.368s] GC(0)   Post Evacuate Collection Set: 0.3ms
[2021-08-13T12:09:44.004+0200][0.368s] GC(0)   Other: 0.6ms
[2021-08-13T12:09:44.004+0200][0.368s] GC(0) Eden regions: 30->0(304)
[2021-08-13T12:09:44.004+0200][0.368s] GC(0) Survivor regions: 0->3(4)
[2021-08-13T12:09:44.004+0200][0.368s] GC(0) Old regions: 0->0
[2021-08-13T12:09:44.004+0200][0.369s] GC(0) Humongous regions: 0->0
[2021-08-13T12:09:44.004+0200][0.369s] GC(0) Metaspace: 13017K->13017K(1060864K)
[2021-08-13T12:09:44.004+0200][0.369s] GC(0) Pause Young (Normal) (G1 Evacuation Pause) 30M->2M(512M) 2.379ms
[2021-08-13T12:09:44.004+0200][0.369s] GC(0) User=0.02s Sys=0.00s Real=0.00s
[2021-08-13T12:09:44.321+0200][0.686s] GC(1) Pause Young (Concurrent Start) (Metadata GC Threshold)
[2021-08-13T12:09:44.321+0200][0.686s] GC(1) Using 12 workers of 13 for evacuation
[2021-08-13T12:09:44.330+0200][0.695s] GC(1)   Pre Evacuate Collection Set: 0.0ms
[2021-08-13T12:09:44.330+0200][0.695s] GC(1)   Evacuate Collection Set: 8.4ms
[2021-08-13T12:09:44.330+0200][0.695s] GC(1)   Post Evacuate Collection Set: 0.7ms
[2021-08-13T12:09:44.330+0200][0.695s] GC(1)   Other: 0.1ms
[2021-08-13T12:09:44.330+0200][0.695s] GC(1) Eden regions: 41->0(59)
[2021-08-13T12:09:44.330+0200][0.695s] GC(1) Survivor regions: 3->12(39)
[2021-08-13T12:09:44.330+0200][0.695s] GC(1) Old regions: 0->0
[2021-08-13T12:09:44.330+0200][0.695s] GC(1) Humongous regions: 4->4
[2021-08-13T12:09:44.330+0200][0.695s] GC(1) Metaspace: 20667K->20667K(1069056K)
[2021-08-13T12:09:44.330+0200][0.695s] GC(1) Pause Young (Concurrent Start) (Metadata GC Threshold) 47M->15M(512M) 9.329ms
[2021-08-13T12:09:44.330+0200][0.695s] GC(1) User=0.04s Sys=0.02s Real=0.01s
[2021-08-13T12:09:44.331+0200][0.695s] GC(2) Concurrent Cycle
[2021-08-13T12:09:44.331+0200][0.695s] GC(2) Concurrent Clear Claimed Marks
[2021-08-13T12:09:44.331+0200][0.695s] GC(2) Concurrent Clear Claimed Marks 0.012ms
[2021-08-13T12:09:44.331+0200][0.695s] GC(2) Concurrent Scan Root Regions
[2021-08-13T12:09:44.332+0200][0.697s] GC(2) Concurrent Scan Root Regions 1.798ms
[2021-08-13T12:09:44.332+0200][0.697s] GC(2) Concurrent Mark (0.697s)
[2021-08-13T12:09:44.332+0200][0.697s] GC(2) Concurrent Mark From Roots
[2021-08-13T12:09:44.332+0200][0.697s] GC(2) Using 3 workers of 3 for marking
[2021-08-13T12:09:44.333+0200][0.698s] GC(2) Concurrent Mark From Roots 0.415ms
[2021-08-13T12:09:44.333+0200][0.698s] GC(2) Concurrent Preclean
[2021-08-13T12:09:44.333+0200][0.698s] GC(2) Concurrent Preclean 0.055ms
[2021-08-13T12:09:44.333+0200][0.698s] GC(2) Concurrent Mark (0.697s, 0.698s) 0.483ms
[2021-08-13T12:09:44.333+0200][0.698s] GC(2) Pause Remark
[2021-08-13T12:09:44.334+0200][0.698s] GC(2) Cleaned string and symbol table, strings: 9630 processed, 0 removed, symbols: 66917 processed, 17 removed
[2021-08-13T12:09:44.334+0200][0.698s] GC(2) Pause Remark 16M->16M(512M) 0.763ms
[2021-08-13T12:09:44.334+0200][0.698s] GC(2) User=0.00s Sys=0.00s Real=0.00s
[2021-08-13T12:09:44.334+0200][0.699s] GC(2) Concurrent Rebuild Remembered Sets
[2021-08-13T12:09:44.335+0200][0.700s] GC(2) Concurrent Rebuild Remembered Sets 1.352ms
[2021-08-13T12:09:44.335+0200][0.700s] GC(2) Pause Cleanup
[2021-08-13T12:09:44.335+0200][0.700s] GC(2) Pause Cleanup 16M->16M(512M) 0.073ms
[2021-08-13T12:09:44.335+0200][0.700s] GC(2) User=0.00s Sys=0.00s Real=0.00s
[2021-08-13T12:09:44.335+0200][0.700s] GC(2) Concurrent Cleanup for Next Mark
[2021-08-13T12:09:44.335+0200][0.700s] GC(2) Concurrent Cleanup for Next Mark 0.150ms
[2021-08-13T12:09:44.335+0200][0.700s] GC(2) Concurrent Cycle 4.799ms
[2021-08-13T12:09:44.633+0200][0.998s] GC(3) Pause Young (Normal) (G1 Evacuation Pause)
[2021-08-13T12:09:44.633+0200][0.998s] GC(3) Using 13 workers of 13 for evacuation
[2021-08-13T12:09:44.639+0200][1.004s] GC(3)   Pre Evacuate Collection Set: 0.0ms
[2021-08-13T12:09:44.639+0200][1.004s] GC(3)   Evacuate Collection Set: 5.6ms
[2021-08-13T12:09:44.639+0200][1.004s] GC(3)   Post Evacuate Collection Set: 0.5ms
[2021-08-13T12:09:44.639+0200][1.004s] GC(3)   Other: 0.2ms
[2021-08-13T12:09:44.639+0200][1.004s] GC(3) Eden regions: 43->0(69)
[2021-08-13T12:09:44.639+0200][1.004s] GC(3) Survivor regions: 12->7(7)
[2021-08-13T12:09:44.639+0200][1.004s] GC(3) Old regions: 0->13
[2021-08-13T12:09:44.639+0200][1.004s] GC(3) Humongous regions: 4->4
[2021-08-13T12:09:44.639+0200][1.004s] GC(3) Metaspace: 26227K->26227K(1073152K)
[2021-08-13T12:09:44.639+0200][1.004s] GC(3) Pause Young (Normal) (G1 Evacuation Pause) 58M->23M(512M) 6.403ms
[2021-08-13T12:09:44.639+0200][1.004s] GC(3) User=0.07s Sys=0.02s Real=0.01s
[2021-08-13T12:09:45.259+0200][1.624s] GC(4) Pause Young (Concurrent Start) (Metadata GC Threshold)
[2021-08-13T12:09:45.259+0200][1.624s] GC(4) Using 13 workers of 13 for evacuation
[2021-08-13T12:09:45.265+0200][1.629s] GC(4)   Pre Evacuate Collection Set: 0.0ms
[2021-08-13T12:09:45.265+0200][1.629s] GC(4)   Evacuate Collection Set: 5.1ms
[2021-08-13T12:09:45.265+0200][1.629s] GC(4)   Post Evacuate Collection Set: 0.3ms
[2021-08-13T12:09:45.265+0200][1.629s] GC(4)   Other: 0.1ms
[2021-08-13T12:09:45.265+0200][1.629s] GC(4) Eden regions: 69->0(110)
[2021-08-13T12:09:45.265+0200][1.629s] GC(4) Survivor regions: 7->2(10)
[2021-08-13T12:09:45.265+0200][1.629s] GC(4) Old regions: 13->20
[2021-08-13T12:09:45.265+0200][1.629s] GC(4) Humongous regions: 4->4
[2021-08-13T12:09:45.265+0200][1.629s] GC(4) Metaspace: 34820K->34820K(1081344K)
[2021-08-13T12:09:45.265+0200][1.629s] GC(4) Pause Young (Concurrent Start) (Metadata GC Threshold) 92M->25M(512M) 5.639ms
[2021-08-13T12:09:45.265+0200][1.629s] GC(4) User=0.03s Sys=0.00s Real=0.01s
[2021-08-13T12:09:45.265+0200][1.629s] GC(5) Concurrent Cycle
[2021-08-13T12:09:45.265+0200][1.629s] GC(5) Concurrent Clear Claimed Marks
[2021-08-13T12:09:45.265+0200][1.630s] GC(5) Concurrent Clear Claimed Marks 0.014ms
[2021-08-13T12:09:45.265+0200][1.630s] GC(5) Concurrent Scan Root Regions
[2021-08-13T12:09:45.265+0200][1.630s] GC(5) Concurrent Scan Root Regions 0.707ms
[2021-08-13T12:09:45.265+0200][1.630s] GC(5) Concurrent Mark (1.630s)
[2021-08-13T12:09:45.265+0200][1.630s] GC(5) Concurrent Mark From Roots
[2021-08-13T12:09:45.265+0200][1.630s] GC(5) Using 3 workers of 3 for marking
[2021-08-13T12:09:45.276+0200][1.641s] GC(5) Concurrent Mark From Roots 10.299ms
[2021-08-13T12:09:45.276+0200][1.641s] GC(5) Concurrent Preclean
[2021-08-13T12:09:45.276+0200][1.641s] GC(5) Concurrent Preclean 0.108ms
[2021-08-13T12:09:45.276+0200][1.641s] GC(5) Concurrent Mark (1.630s, 1.641s) 10.438ms
[2021-08-13T12:09:45.276+0200][1.641s] GC(5) Pause Remark
[2021-08-13T12:09:45.277+0200][1.642s] GC(5) Cleaned string and symbol table, strings: 15969 processed, 20 removed, symbols: 112980 processed, 41 removed
[2021-08-13T12:09:45.277+0200][1.642s] GC(5) Pause Remark 25M->25M(512M) 1.353ms
[2021-08-13T12:09:45.277+0200][1.642s] GC(5) User=0.01s Sys=0.00s Real=0.00s
[2021-08-13T12:09:45.277+0200][1.642s] GC(5) Concurrent Rebuild Remembered Sets
[2021-08-13T12:09:45.283+0200][1.647s] GC(5) Concurrent Rebuild Remembered Sets 5.122ms
[2021-08-13T12:09:45.283+0200][1.647s] GC(5) Pause Cleanup
[2021-08-13T12:09:45.283+0200][1.648s] GC(5) Pause Cleanup 26M->26M(512M) 0.071ms
[2021-08-13T12:09:45.283+0200][1.648s] GC(5) User=0.00s Sys=0.00s Real=0.00s
[2021-08-13T12:09:45.283+0200][1.648s] GC(5) Concurrent Cleanup for Next Mark
[2021-08-13T12:09:45.283+0200][1.648s] GC(5) Concurrent Cleanup for Next Mark 0.152ms
[2021-08-13T12:09:45.283+0200][1.648s] GC(5) Concurrent Cycle 18.220ms
[2021-08-13T12:36:22.818+0200][1599.183s] Heap
[2021-08-13T12:36:22.818+0200][1599.183s]  garbage-first heap   total 524288K, used 120965K [0x00000000e0000000, 0x0000000100000000)
[2021-08-13T12:36:22.818+0200][1599.183s]   region size 1024K, 97 young (99328K), 2 survivors (2048K)
[2021-08-13T12:36:22.818+0200][1599.183s]  Metaspace       used 45664K, capacity 46727K, committed 46896K, reserved 1091584K
[2021-08-13T12:36:22.818+0200][1599.183s]   class space    used 5074K, capacity 5504K, committed 5504K, reserved 1048576K
