[2021-08-13T12:07:49.740+0200][0.021s] Heap region size: 1M
[2021-08-13T12:07:49.750+0200][0.031s] Using G1
[2021-08-13T12:07:49.750+0200][0.031s] Heap address: 0x00000000e0000000, size: 512 MB, Compressed Oops mode: 32-bit
[2021-08-13T12:07:50.112+0200][0.393s] GC(0) Pause Young (Normal) (G1 Evacuation Pause)
[2021-08-13T12:07:50.113+0200][0.394s] GC(0) Using 12 workers of 13 for evacuation
[2021-08-13T12:07:50.114+0200][0.396s] GC(0)   Pre Evacuate Collection Set: 0.0ms
[2021-08-13T12:07:50.114+0200][0.396s] GC(0)   Evacuate Collection Set: 1.3ms
[2021-08-13T12:07:50.114+0200][0.396s] GC(0)   Post Evacuate Collection Set: 0.3ms
[2021-08-13T12:07:50.114+0200][0.396s] GC(0)   Other: 1.1ms
[2021-08-13T12:07:50.114+0200][0.396s] GC(0) Eden regions: 30->0(304)
[2021-08-13T12:07:50.114+0200][0.396s] GC(0) Survivor regions: 0->3(4)
[2021-08-13T12:07:50.114+0200][0.396s] GC(0) Old regions: 0->0
[2021-08-13T12:07:50.114+0200][0.396s] GC(0) Humongous regions: 0->0
[2021-08-13T12:07:50.114+0200][0.396s] GC(0) Metaspace: 12697K->12697K(1060864K)
[2021-08-13T12:07:50.114+0200][0.396s] GC(0) Pause Young (Normal) (G1 Evacuation Pause) 30M->2M(512M) 2.829ms
[2021-08-13T12:07:50.114+0200][0.396s] GC(0) User=0.02s Sys=0.00s Real=0.00s
[2021-08-13T12:07:50.449+0200][0.731s] GC(1) Pause Young (Concurrent Start) (Metadata GC Threshold)
[2021-08-13T12:07:50.449+0200][0.731s] GC(1) Using 12 workers of 13 for evacuation
[2021-08-13T12:07:50.458+0200][0.739s] GC(1)   Pre Evacuate Collection Set: 0.0ms
[2021-08-13T12:07:50.458+0200][0.739s] GC(1)   Evacuate Collection Set: 7.6ms
[2021-08-13T12:07:50.458+0200][0.739s] GC(1)   Post Evacuate Collection Set: 0.6ms
[2021-08-13T12:07:50.458+0200][0.739s] GC(1)   Other: 0.2ms
[2021-08-13T12:07:50.458+0200][0.739s] GC(1) Eden regions: 41->0(59)
[2021-08-13T12:07:50.458+0200][0.739s] GC(1) Survivor regions: 3->12(39)
[2021-08-13T12:07:50.458+0200][0.739s] GC(1) Old regions: 0->0
[2021-08-13T12:07:50.458+0200][0.739s] GC(1) Humongous regions: 4->4
[2021-08-13T12:07:50.458+0200][0.739s] GC(1) Metaspace: 20693K->20693K(1069056K)
[2021-08-13T12:07:50.458+0200][0.739s] GC(1) Pause Young (Concurrent Start) (Metadata GC Threshold) 47M->15M(512M) 8.410ms
[2021-08-13T12:07:50.458+0200][0.739s] GC(1) User=0.05s Sys=0.00s Real=0.00s
[2021-08-13T12:07:50.458+0200][0.739s] GC(2) Concurrent Cycle
[2021-08-13T12:07:50.458+0200][0.739s] GC(2) Concurrent Clear Claimed Marks
[2021-08-13T12:07:50.458+0200][0.739s] GC(2) Concurrent Clear Claimed Marks 0.010ms
[2021-08-13T12:07:50.458+0200][0.739s] GC(2) Concurrent Scan Root Regions
[2021-08-13T12:07:50.460+0200][0.741s] GC(2) Concurrent Scan Root Regions 1.783ms
[2021-08-13T12:07:50.460+0200][0.741s] GC(2) Concurrent Mark (0.741s)
[2021-08-13T12:07:50.460+0200][0.741s] GC(2) Concurrent Mark From Roots
[2021-08-13T12:07:50.460+0200][0.741s] GC(2) Using 3 workers of 3 for marking
[2021-08-13T12:07:50.460+0200][0.742s] GC(2) Concurrent Mark From Roots 0.408ms
[2021-08-13T12:07:50.460+0200][0.742s] GC(2) Concurrent Preclean
[2021-08-13T12:07:50.460+0200][0.742s] GC(2) Concurrent Preclean 0.057ms
[2021-08-13T12:07:50.460+0200][0.742s] GC(2) Concurrent Mark (0.741s, 0.742s) 0.477ms
[2021-08-13T12:07:50.460+0200][0.742s] GC(2) Pause Remark
[2021-08-13T12:07:50.461+0200][0.742s] GC(2) Cleaned string and symbol table, strings: 9648 processed, 0 removed, symbols: 67194 processed, 20 removed
[2021-08-13T12:07:50.461+0200][0.743s] GC(2) Pause Remark 16M->16M(512M) 0.870ms
[2021-08-13T12:07:50.461+0200][0.743s] GC(2) User=0.01s Sys=0.01s Real=0.00s
[2021-08-13T12:07:50.461+0200][0.743s] GC(2) Concurrent Rebuild Remembered Sets
[2021-08-13T12:07:50.462+0200][0.744s] GC(2) Concurrent Rebuild Remembered Sets 1.358ms
[2021-08-13T12:07:50.462+0200][0.744s] GC(2) Pause Cleanup
[2021-08-13T12:07:50.463+0200][0.744s] GC(2) Pause Cleanup 16M->16M(512M) 0.075ms
[2021-08-13T12:07:50.463+0200][0.744s] GC(2) User=0.00s Sys=0.00s Real=0.00s
[2021-08-13T12:07:50.463+0200][0.744s] GC(2) Concurrent Cleanup for Next Mark
[2021-08-13T12:07:50.463+0200][0.744s] GC(2) Concurrent Cleanup for Next Mark 0.169ms
[2021-08-13T12:07:50.463+0200][0.744s] GC(2) Concurrent Cycle 5.073ms
[2021-08-13T12:07:50.824+0200][1.105s] GC(3) Pause Young (Normal) (G1 Evacuation Pause)
[2021-08-13T12:07:50.824+0200][1.105s] GC(3) Using 13 workers of 13 for evacuation
[2021-08-13T12:07:50.830+0200][1.111s] GC(3)   Pre Evacuate Collection Set: 0.0ms
[2021-08-13T12:07:50.830+0200][1.111s] GC(3)   Evacuate Collection Set: 5.2ms
[2021-08-13T12:07:50.830+0200][1.111s] GC(3)   Post Evacuate Collection Set: 0.5ms
[2021-08-13T12:07:50.830+0200][1.111s] GC(3)   Other: 0.2ms
[2021-08-13T12:07:50.830+0200][1.111s] GC(3) Eden regions: 43->0(68)
[2021-08-13T12:07:50.830+0200][1.111s] GC(3) Survivor regions: 12->7(7)
[2021-08-13T12:07:50.830+0200][1.111s] GC(3) Old regions: 0->13
[2021-08-13T12:07:50.830+0200][1.111s] GC(3) Humongous regions: 4->4
[2021-08-13T12:07:50.830+0200][1.111s] GC(3) Metaspace: 26237K->26237K(1073152K)
[2021-08-13T12:07:50.830+0200][1.111s] GC(3) Pause Young (Normal) (G1 Evacuation Pause) 58M->23M(512M) 6.048ms
[2021-08-13T12:07:50.830+0200][1.111s] GC(3) User=0.06s Sys=0.01s Real=0.01s
[2021-08-13T12:07:51.577+0200][1.858s] GC(4) Pause Young (Normal) (G1 Evacuation Pause)
[2021-08-13T12:07:51.577+0200][1.858s] GC(4) Using 13 workers of 13 for evacuation
[2021-08-13T12:07:51.578+0200][1.860s] GC(4)   Pre Evacuate Collection Set: 0.0ms
[2021-08-13T12:07:51.578+0200][1.860s] GC(4)   Evacuate Collection Set: 1.3ms
[2021-08-13T12:07:51.578+0200][1.860s] GC(4)   Post Evacuate Collection Set: 0.2ms
[2021-08-13T12:07:51.578+0200][1.860s] GC(4)   Other: 0.1ms
[2021-08-13T12:07:51.578+0200][1.860s] GC(4) Eden regions: 68->0(115)
[2021-08-13T12:07:51.578+0200][1.860s] GC(4) Survivor regions: 7->2(10)
[2021-08-13T12:07:51.578+0200][1.860s] GC(4) Old regions: 13->20
[2021-08-13T12:07:51.578+0200][1.860s] GC(4) Humongous regions: 4->4
[2021-08-13T12:07:51.578+0200][1.860s] GC(4) Metaspace: 33538K->33538K(1079296K)
[2021-08-13T12:07:51.578+0200][1.860s] GC(4) Pause Young (Normal) (G1 Evacuation Pause) 91M->24M(512M) 1.631ms
[2021-08-13T12:07:51.578+0200][1.860s] GC(4) User=0.02s Sys=0.00s Real=0.00s
[2021-08-13T12:07:51.645+0200][1.927s] GC(5) Pause Young (Concurrent Start) (Metadata GC Threshold)
[2021-08-13T12:07:51.645+0200][1.927s] GC(5) Using 13 workers of 13 for evacuation
[2021-08-13T12:07:51.647+0200][1.929s] GC(5)   Pre Evacuate Collection Set: 0.0ms
[2021-08-13T12:07:51.647+0200][1.929s] GC(5)   Evacuate Collection Set: 1.2ms
[2021-08-13T12:07:51.647+0200][1.929s] GC(5)   Post Evacuate Collection Set: 0.2ms
[2021-08-13T12:07:51.647+0200][1.929s] GC(5)   Other: 0.1ms
[2021-08-13T12:07:51.647+0200][1.929s] GC(5) Eden regions: 7->0(126)
[2021-08-13T12:07:51.647+0200][1.929s] GC(5) Survivor regions: 2->2(15)
[2021-08-13T12:07:51.647+0200][1.929s] GC(5) Old regions: 20->20
[2021-08-13T12:07:51.647+0200][1.929s] GC(5) Humongous regions: 4->4
[2021-08-13T12:07:51.647+0200][1.929s] GC(5) Metaspace: 34899K->34899K(1081344K)
[2021-08-13T12:07:51.647+0200][1.929s] GC(5) Pause Young (Concurrent Start) (Metadata GC Threshold) 31M->24M(512M) 1.587ms
[2021-08-13T12:07:51.647+0200][1.929s] GC(5) User=0.01s Sys=0.00s Real=0.00s
[2021-08-13T12:07:51.647+0200][1.929s] GC(6) Concurrent Cycle
[2021-08-13T12:07:51.647+0200][1.929s] GC(6) Concurrent Clear Claimed Marks
[2021-08-13T12:07:51.647+0200][1.929s] GC(6) Concurrent Clear Claimed Marks 0.015ms
[2021-08-13T12:07:51.647+0200][1.929s] GC(6) Concurrent Scan Root Regions
[2021-08-13T12:07:51.648+0200][1.930s] GC(6) Concurrent Scan Root Regions 0.896ms
[2021-08-13T12:07:51.648+0200][1.930s] GC(6) Concurrent Mark (1.930s)
[2021-08-13T12:07:51.648+0200][1.930s] GC(6) Concurrent Mark From Roots
[2021-08-13T12:07:51.648+0200][1.930s] GC(6) Using 3 workers of 3 for marking
[2021-08-13T12:07:51.657+0200][1.939s] GC(6) Concurrent Mark From Roots 9.450ms
[2021-08-13T12:07:51.657+0200][1.939s] GC(6) Concurrent Preclean
[2021-08-13T12:07:51.658+0200][1.939s] GC(6) Concurrent Preclean 0.132ms
[2021-08-13T12:07:51.658+0200][1.939s] GC(6) Concurrent Mark (1.930s, 1.939s) 9.625ms
[2021-08-13T12:07:51.658+0200][1.939s] GC(6) Pause Remark
[2021-08-13T12:07:51.660+0200][1.942s] GC(6) Cleaned string and symbol table, strings: 15873 processed, 25 removed, symbols: 112545 processed, 42 removed
[2021-08-13T12:07:51.660+0200][1.942s] GC(6) Pause Remark 25M->25M(512M) 2.570ms
[2021-08-13T12:07:51.660+0200][1.942s] GC(6) User=0.04s Sys=0.00s Real=0.01s
[2021-08-13T12:07:51.660+0200][1.942s] GC(6) Concurrent Rebuild Remembered Sets
[2021-08-13T12:07:51.666+0200][1.948s] GC(6) Concurrent Rebuild Remembered Sets 5.714ms
[2021-08-13T12:07:51.666+0200][1.948s] GC(6) Pause Cleanup
[2021-08-13T12:07:51.666+0200][1.948s] GC(6) Pause Cleanup 26M->26M(512M) 0.081ms
[2021-08-13T12:07:51.666+0200][1.948s] GC(6) User=0.00s Sys=0.00s Real=0.00s
[2021-08-13T12:07:51.666+0200][1.948s] GC(6) Concurrent Cleanup for Next Mark
[2021-08-13T12:07:51.666+0200][1.948s] GC(6) Concurrent Cleanup for Next Mark 0.179ms
[2021-08-13T12:07:51.666+0200][1.948s] GC(6) Concurrent Cycle 19.334ms
[2021-08-13T12:09:04.824+0200][75.105s] Heap
[2021-08-13T12:09:04.824+0200][75.105s]  garbage-first heap   total 524288K, used 154503K [0x00000000e0000000, 0x0000000100000000)
[2021-08-13T12:09:04.824+0200][75.105s]   region size 1024K, 130 young (133120K), 2 survivors (2048K)
[2021-08-13T12:09:04.824+0200][75.105s]  Metaspace       used 49080K, capacity 50227K, committed 50512K, reserved 1093632K
[2021-08-13T12:09:04.824+0200][75.106s]   class space    used 5388K, capacity 5842K, committed 5888K, reserved 1048576K
