[2021-08-13T13:10:11.252+0200][0.027s] Heap region size: 1M
[2021-08-13T13:10:11.279+0200][0.054s] Using G1
[2021-08-13T13:10:11.279+0200][0.054s] Heap address: 0x00000000e0000000, size: 512 MB, Compressed Oops mode: 32-bit
[2021-08-13T13:10:11.634+0200][0.409s] GC(0) Pause Young (Normal) (G1 Evacuation Pause)
[2021-08-13T13:10:11.635+0200][0.410s] GC(0) Using 12 workers of 13 for evacuation
[2021-08-13T13:10:11.637+0200][0.412s] GC(0)   Pre Evacuate Collection Set: 0.0ms
[2021-08-13T13:10:11.637+0200][0.412s] GC(0)   Evacuate Collection Set: 1.5ms
[2021-08-13T13:10:11.637+0200][0.412s] GC(0)   Post Evacuate Collection Set: 0.5ms
[2021-08-13T13:10:11.637+0200][0.412s] GC(0)   Other: 1.1ms
[2021-08-13T13:10:11.637+0200][0.412s] GC(0) Eden regions: 30->0(304)
[2021-08-13T13:10:11.637+0200][0.412s] GC(0) Survivor regions: 0->3(4)
[2021-08-13T13:10:11.637+0200][0.412s] GC(0) Old regions: 0->0
[2021-08-13T13:10:11.637+0200][0.412s] GC(0) Humongous regions: 0->0
[2021-08-13T13:10:11.637+0200][0.412s] GC(0) Metaspace: 12626K->12626K(1060864K)
[2021-08-13T13:10:11.637+0200][0.412s] GC(0) Pause Young (Normal) (G1 Evacuation Pause) 30M->2M(512M) 3.170ms
[2021-08-13T13:10:11.637+0200][0.412s] GC(0) User=0.03s Sys=0.00s Real=0.01s
[2021-08-13T13:10:11.964+0200][0.739s] GC(1) Pause Young (Concurrent Start) (Metadata GC Threshold)
[2021-08-13T13:10:11.964+0200][0.739s] GC(1) Using 12 workers of 13 for evacuation
[2021-08-13T13:10:11.973+0200][0.748s] GC(1)   Pre Evacuate Collection Set: 0.0ms
[2021-08-13T13:10:11.973+0200][0.748s] GC(1)   Evacuate Collection Set: 8.6ms
[2021-08-13T13:10:11.973+0200][0.748s] GC(1)   Post Evacuate Collection Set: 0.5ms
[2021-08-13T13:10:11.973+0200][0.748s] GC(1)   Other: 0.1ms
[2021-08-13T13:10:11.973+0200][0.748s] GC(1) Eden regions: 42->0(60)
[2021-08-13T13:10:11.973+0200][0.748s] GC(1) Survivor regions: 3->12(39)
[2021-08-13T13:10:11.973+0200][0.748s] GC(1) Old regions: 0->0
[2021-08-13T13:10:11.973+0200][0.748s] GC(1) Humongous regions: 4->4
[2021-08-13T13:10:11.973+0200][0.748s] GC(1) Metaspace: 20675K->20675K(1069056K)
[2021-08-13T13:10:11.973+0200][0.748s] GC(1) Pause Young (Concurrent Start) (Metadata GC Threshold) 48M->15M(512M) 9.309ms
[2021-08-13T13:10:11.973+0200][0.748s] GC(1) User=0.05s Sys=0.00s Real=0.01s
[2021-08-13T13:10:11.973+0200][0.749s] GC(2) Concurrent Cycle
[2021-08-13T13:10:11.973+0200][0.749s] GC(2) Concurrent Clear Claimed Marks
[2021-08-13T13:10:11.973+0200][0.749s] GC(2) Concurrent Clear Claimed Marks 0.012ms
[2021-08-13T13:10:11.973+0200][0.749s] GC(2) Concurrent Scan Root Regions
[2021-08-13T13:10:11.975+0200][0.750s] GC(2) Concurrent Scan Root Regions 1.750ms
[2021-08-13T13:10:11.975+0200][0.750s] GC(2) Concurrent Mark (0.750s)
[2021-08-13T13:10:11.975+0200][0.750s] GC(2) Concurrent Mark From Roots
[2021-08-13T13:10:11.975+0200][0.750s] GC(2) Using 3 workers of 3 for marking
[2021-08-13T13:10:11.976+0200][0.751s] GC(2) Concurrent Mark From Roots 0.441ms
[2021-08-13T13:10:11.976+0200][0.751s] GC(2) Concurrent Preclean
[2021-08-13T13:10:11.976+0200][0.751s] GC(2) Concurrent Preclean 0.057ms
[2021-08-13T13:10:11.976+0200][0.751s] GC(2) Concurrent Mark (0.750s, 0.751s) 0.522ms
[2021-08-13T13:10:11.976+0200][0.751s] GC(2) Pause Remark
[2021-08-13T13:10:11.976+0200][0.752s] GC(2) Cleaned string and symbol table, strings: 9629 processed, 0 removed, symbols: 66918 processed, 17 removed
[2021-08-13T13:10:11.977+0200][0.752s] GC(2) Pause Remark 16M->16M(512M) 0.817ms
[2021-08-13T13:10:11.977+0200][0.752s] GC(2) User=0.00s Sys=0.00s Real=0.00s
[2021-08-13T13:10:11.977+0200][0.752s] GC(2) Concurrent Rebuild Remembered Sets
[2021-08-13T13:10:11.978+0200][0.753s] GC(2) Concurrent Rebuild Remembered Sets 1.334ms
[2021-08-13T13:10:11.978+0200][0.753s] GC(2) Pause Cleanup
[2021-08-13T13:10:11.978+0200][0.753s] GC(2) Pause Cleanup 16M->16M(512M) 0.071ms
[2021-08-13T13:10:11.978+0200][0.753s] GC(2) User=0.00s Sys=0.00s Real=0.00s
[2021-08-13T13:10:11.978+0200][0.753s] GC(2) Concurrent Cleanup for Next Mark
[2021-08-13T13:10:11.978+0200][0.753s] GC(2) Concurrent Cleanup for Next Mark 0.167ms
[2021-08-13T13:10:11.978+0200][0.753s] GC(2) Concurrent Cycle 4.840ms
[2021-08-13T13:10:12.386+0200][1.161s] GC(3) Pause Young (Normal) (G1 Evacuation Pause)
[2021-08-13T13:10:12.386+0200][1.161s] GC(3) Using 13 workers of 13 for evacuation
[2021-08-13T13:10:12.392+0200][1.167s] GC(3)   Pre Evacuate Collection Set: 0.0ms
[2021-08-13T13:10:12.392+0200][1.167s] GC(3)   Evacuate Collection Set: 5.3ms
[2021-08-13T13:10:12.392+0200][1.167s] GC(3)   Post Evacuate Collection Set: 0.6ms
[2021-08-13T13:10:12.392+0200][1.167s] GC(3)   Other: 0.2ms
[2021-08-13T13:10:12.392+0200][1.167s] GC(3) Eden regions: 46->0(70)
[2021-08-13T13:10:12.392+0200][1.167s] GC(3) Survivor regions: 12->8(8)
[2021-08-13T13:10:12.392+0200][1.167s] GC(3) Old regions: 0->12
[2021-08-13T13:10:12.392+0200][1.167s] GC(3) Humongous regions: 4->4
[2021-08-13T13:10:12.392+0200][1.167s] GC(3) Metaspace: 26607K->26607K(1073152K)
[2021-08-13T13:10:12.392+0200][1.167s] GC(3) Pause Young (Normal) (G1 Evacuation Pause) 61M->23M(512M) 6.247ms
[2021-08-13T13:10:12.392+0200][1.167s] GC(3) User=0.07s Sys=0.01s Real=0.01s
[2021-08-13T13:10:13.029+0200][1.804s] GC(4) Pause Young (Concurrent Start) (Metadata GC Threshold)
[2021-08-13T13:10:13.029+0200][1.804s] GC(4) Using 13 workers of 13 for evacuation
[2021-08-13T13:10:13.035+0200][1.810s] GC(4)   Pre Evacuate Collection Set: 0.0ms
[2021-08-13T13:10:13.035+0200][1.810s] GC(4)   Evacuate Collection Set: 5.2ms
[2021-08-13T13:10:13.035+0200][1.810s] GC(4)   Post Evacuate Collection Set: 0.3ms
[2021-08-13T13:10:13.035+0200][1.810s] GC(4)   Other: 0.1ms
[2021-08-13T13:10:13.035+0200][1.810s] GC(4) Eden regions: 69->0(110)
[2021-08-13T13:10:13.035+0200][1.810s] GC(4) Survivor regions: 8->2(10)
[2021-08-13T13:10:13.035+0200][1.810s] GC(4) Old regions: 12->20
[2021-08-13T13:10:13.035+0200][1.810s] GC(4) Humongous regions: 4->4
[2021-08-13T13:10:13.035+0200][1.810s] GC(4) Metaspace: 34800K->34800K(1081344K)
[2021-08-13T13:10:13.035+0200][1.810s] GC(4) Pause Young (Concurrent Start) (Metadata GC Threshold) 92M->25M(512M) 5.628ms
[2021-08-13T13:10:13.035+0200][1.810s] GC(4) User=0.01s Sys=0.00s Real=0.00s
[2021-08-13T13:10:13.035+0200][1.810s] GC(5) Concurrent Cycle
[2021-08-13T13:10:13.035+0200][1.810s] GC(5) Concurrent Clear Claimed Marks
[2021-08-13T13:10:13.035+0200][1.810s] GC(5) Concurrent Clear Claimed Marks 0.013ms
[2021-08-13T13:10:13.035+0200][1.810s] GC(5) Concurrent Scan Root Regions
[2021-08-13T13:10:13.035+0200][1.811s] GC(5) Concurrent Scan Root Regions 0.467ms
[2021-08-13T13:10:13.035+0200][1.811s] GC(5) Concurrent Mark (1.811s)
[2021-08-13T13:10:13.035+0200][1.811s] GC(5) Concurrent Mark From Roots
[2021-08-13T13:10:13.035+0200][1.811s] GC(5) Using 3 workers of 3 for marking
[2021-08-13T13:10:13.047+0200][1.823s] GC(5) Concurrent Mark From Roots 12.139ms
[2021-08-13T13:10:13.048+0200][1.823s] GC(5) Concurrent Preclean
[2021-08-13T13:10:13.048+0200][1.823s] GC(5) Concurrent Preclean 0.104ms
[2021-08-13T13:10:13.048+0200][1.823s] GC(5) Concurrent Mark (1.811s, 1.823s) 12.275ms
[2021-08-13T13:10:13.048+0200][1.823s] GC(5) Pause Remark
[2021-08-13T13:10:13.049+0200][1.824s] GC(5) Cleaned string and symbol table, strings: 15916 processed, 20 removed, symbols: 113184 processed, 42 removed
[2021-08-13T13:10:13.049+0200][1.824s] GC(5) Pause Remark 25M->25M(512M) 1.372ms
[2021-08-13T13:10:13.049+0200][1.824s] GC(5) User=0.01s Sys=0.00s Real=0.00s
[2021-08-13T13:10:13.049+0200][1.824s] GC(5) Concurrent Rebuild Remembered Sets
[2021-08-13T13:10:13.055+0200][1.830s] GC(5) Concurrent Rebuild Remembered Sets 5.749ms
[2021-08-13T13:10:13.055+0200][1.830s] GC(5) Pause Cleanup
[2021-08-13T13:10:13.055+0200][1.830s] GC(5) Pause Cleanup 26M->26M(512M) 0.067ms
[2021-08-13T13:10:13.055+0200][1.830s] GC(5) User=0.00s Sys=0.00s Real=0.00s
[2021-08-13T13:10:13.055+0200][1.830s] GC(5) Concurrent Cleanup for Next Mark
[2021-08-13T13:10:13.055+0200][1.830s] GC(5) Concurrent Cleanup for Next Mark 0.231ms
[2021-08-13T13:10:13.055+0200][1.831s] GC(5) Concurrent Cycle 20.498ms
[2021-08-13T13:10:28.026+0200][16.801s] Heap
[2021-08-13T13:10:28.026+0200][16.801s]  garbage-first heap   total 524288K, used 113959K [0x00000000e0000000, 0x0000000100000000)
[2021-08-13T13:10:28.026+0200][16.801s]   region size 1024K, 89 young (91136K), 2 survivors (2048K)
[2021-08-13T13:10:28.026+0200][16.801s]  Metaspace       used 44765K, capacity 45776K, committed 46000K, reserved 1089536K
[2021-08-13T13:10:28.026+0200][16.801s]   class space    used 4914K, capacity 5340K, committed 5376K, reserved 1048576K
