[2021-08-13T12:37:41.771+0200][0.027s] Heap region size: 1M
[2021-08-13T12:37:41.781+0200][0.036s] Using G1
[2021-08-13T12:37:41.781+0200][0.036s] Heap address: 0x00000000e0000000, size: 512 MB, Compressed Oops mode: 32-bit
[2021-08-13T12:37:42.144+0200][0.399s] GC(0) Pause Young (Normal) (G1 Evacuation Pause)
[2021-08-13T12:37:42.144+0200][0.400s] GC(0) Using 12 workers of 13 for evacuation
[2021-08-13T12:37:42.146+0200][0.402s] GC(0)   Pre Evacuate Collection Set: 0.0ms
[2021-08-13T12:37:42.146+0200][0.402s] GC(0)   Evacuate Collection Set: 1.3ms
[2021-08-13T12:37:42.146+0200][0.402s] GC(0)   Post Evacuate Collection Set: 0.3ms
[2021-08-13T12:37:42.146+0200][0.402s] GC(0)   Other: 0.9ms
[2021-08-13T12:37:42.146+0200][0.402s] GC(0) Eden regions: 30->0(304)
[2021-08-13T12:37:42.146+0200][0.402s] GC(0) Survivor regions: 0->3(4)
[2021-08-13T12:37:42.146+0200][0.402s] GC(0) Old regions: 0->0
[2021-08-13T12:37:42.146+0200][0.402s] GC(0) Humongous regions: 0->0
[2021-08-13T12:37:42.146+0200][0.402s] GC(0) Metaspace: 12698K->12698K(1060864K)
[2021-08-13T12:37:42.146+0200][0.402s] GC(0) Pause Young (Normal) (G1 Evacuation Pause) 30M->2M(512M) 2.624ms
[2021-08-13T12:37:42.146+0200][0.402s] GC(0) User=0.01s Sys=0.00s Real=0.00s
[2021-08-13T12:37:42.492+0200][0.748s] GC(1) Pause Young (Concurrent Start) (Metadata GC Threshold)
[2021-08-13T12:37:42.492+0200][0.748s] GC(1) Using 12 workers of 13 for evacuation
[2021-08-13T12:37:42.502+0200][0.758s] GC(1)   Pre Evacuate Collection Set: 0.0ms
[2021-08-13T12:37:42.502+0200][0.758s] GC(1)   Evacuate Collection Set: 9.0ms
[2021-08-13T12:37:42.502+0200][0.758s] GC(1)   Post Evacuate Collection Set: 0.5ms
[2021-08-13T12:37:42.502+0200][0.758s] GC(1)   Other: 0.1ms
[2021-08-13T12:37:42.502+0200][0.758s] GC(1) Eden regions: 41->0(59)
[2021-08-13T12:37:42.502+0200][0.758s] GC(1) Survivor regions: 3->12(39)
[2021-08-13T12:37:42.502+0200][0.758s] GC(1) Old regions: 0->0
[2021-08-13T12:37:42.502+0200][0.758s] GC(1) Humongous regions: 4->4
[2021-08-13T12:37:42.502+0200][0.758s] GC(1) Metaspace: 20677K->20677K(1069056K)
[2021-08-13T12:37:42.502+0200][0.758s] GC(1) Pause Young (Concurrent Start) (Metadata GC Threshold) 47M->15M(512M) 9.702ms
[2021-08-13T12:37:42.502+0200][0.758s] GC(1) User=0.05s Sys=0.00s Real=0.01s
[2021-08-13T12:37:42.502+0200][0.758s] GC(2) Concurrent Cycle
[2021-08-13T12:37:42.502+0200][0.758s] GC(2) Concurrent Clear Claimed Marks
[2021-08-13T12:37:42.502+0200][0.758s] GC(2) Concurrent Clear Claimed Marks 0.012ms
[2021-08-13T12:37:42.502+0200][0.758s] GC(2) Concurrent Scan Root Regions
[2021-08-13T12:37:42.504+0200][0.759s] GC(2) Concurrent Scan Root Regions 1.754ms
[2021-08-13T12:37:42.504+0200][0.759s] GC(2) Concurrent Mark (0.759s)
[2021-08-13T12:37:42.504+0200][0.759s] GC(2) Concurrent Mark From Roots
[2021-08-13T12:37:42.504+0200][0.759s] GC(2) Using 3 workers of 3 for marking
[2021-08-13T12:37:42.504+0200][0.760s] GC(2) Concurrent Mark From Roots 0.465ms
[2021-08-13T12:37:42.504+0200][0.760s] GC(2) Concurrent Preclean
[2021-08-13T12:37:42.504+0200][0.760s] GC(2) Concurrent Preclean 0.056ms
[2021-08-13T12:37:42.504+0200][0.760s] GC(2) Concurrent Mark (0.759s, 0.760s) 0.534ms
[2021-08-13T12:37:42.504+0200][0.760s] GC(2) Pause Remark
[2021-08-13T12:37:42.505+0200][0.761s] GC(2) Cleaned string and symbol table, strings: 9630 processed, 0 removed, symbols: 66924 processed, 17 removed
[2021-08-13T12:37:42.505+0200][0.761s] GC(2) Pause Remark 16M->16M(512M) 0.782ms
[2021-08-13T12:37:42.505+0200][0.761s] GC(2) User=0.01s Sys=0.00s Real=0.00s
[2021-08-13T12:37:42.505+0200][0.761s] GC(2) Concurrent Rebuild Remembered Sets
[2021-08-13T12:37:42.506+0200][0.762s] GC(2) Concurrent Rebuild Remembered Sets 1.274ms
[2021-08-13T12:37:42.507+0200][0.762s] GC(2) Pause Cleanup
[2021-08-13T12:37:42.507+0200][0.762s] GC(2) Pause Cleanup 16M->16M(512M) 0.073ms
[2021-08-13T12:37:42.507+0200][0.762s] GC(2) User=0.00s Sys=0.00s Real=0.00s
[2021-08-13T12:37:42.507+0200][0.762s] GC(2) Concurrent Cleanup for Next Mark
[2021-08-13T12:37:42.507+0200][0.762s] GC(2) Concurrent Cleanup for Next Mark 0.183ms
[2021-08-13T12:37:42.507+0200][0.762s] GC(2) Concurrent Cycle 4.836ms
[2021-08-13T12:37:42.897+0200][1.153s] GC(3) Pause Young (Normal) (G1 Evacuation Pause)
[2021-08-13T12:37:42.898+0200][1.153s] GC(3) Using 13 workers of 13 for evacuation
[2021-08-13T12:37:42.903+0200][1.159s] GC(3)   Pre Evacuate Collection Set: 0.0ms
[2021-08-13T12:37:42.903+0200][1.159s] GC(3)   Evacuate Collection Set: 5.1ms
[2021-08-13T12:37:42.903+0200][1.159s] GC(3)   Post Evacuate Collection Set: 0.6ms
[2021-08-13T12:37:42.903+0200][1.159s] GC(3)   Other: 0.2ms
[2021-08-13T12:37:42.903+0200][1.159s] GC(3) Eden regions: 45->0(69)
[2021-08-13T12:37:42.903+0200][1.159s] GC(3) Survivor regions: 12->8(8)
[2021-08-13T12:37:42.903+0200][1.159s] GC(3) Old regions: 0->12
[2021-08-13T12:37:42.903+0200][1.159s] GC(3) Humongous regions: 4->4
[2021-08-13T12:37:42.903+0200][1.159s] GC(3) Metaspace: 26427K->26427K(1073152K)
[2021-08-13T12:37:42.903+0200][1.159s] GC(3) Pause Young (Normal) (G1 Evacuation Pause) 60M->23M(512M) 5.965ms
[2021-08-13T12:37:42.903+0200][1.159s] GC(3) User=0.08s Sys=0.00s Real=0.01s
[2021-08-13T12:37:43.576+0200][1.831s] GC(4) Pause Young (Normal) (G1 Evacuation Pause)
[2021-08-13T12:37:43.576+0200][1.831s] GC(4) Using 13 workers of 13 for evacuation
[2021-08-13T12:37:43.577+0200][1.833s] GC(4)   Pre Evacuate Collection Set: 0.0ms
[2021-08-13T12:37:43.577+0200][1.833s] GC(4)   Evacuate Collection Set: 1.3ms
[2021-08-13T12:37:43.577+0200][1.833s] GC(4)   Post Evacuate Collection Set: 0.2ms
[2021-08-13T12:37:43.577+0200][1.833s] GC(4)   Other: 0.1ms
[2021-08-13T12:37:43.577+0200][1.833s] GC(4) Eden regions: 69->0(115)
[2021-08-13T12:37:43.577+0200][1.833s] GC(4) Survivor regions: 8->2(10)
[2021-08-13T12:37:43.577+0200][1.833s] GC(4) Old regions: 12->20
[2021-08-13T12:37:43.577+0200][1.833s] GC(4) Humongous regions: 4->4
[2021-08-13T12:37:43.577+0200][1.833s] GC(4) Metaspace: 33992K->33992K(1081344K)
[2021-08-13T12:37:43.577+0200][1.833s] GC(4) Pause Young (Normal) (G1 Evacuation Pause) 92M->24M(512M) 1.691ms
[2021-08-13T12:37:43.577+0200][1.833s] GC(4) User=0.02s Sys=0.01s Real=0.00s
[2021-08-13T12:37:43.618+0200][1.874s] GC(5) Pause Young (Concurrent Start) (Metadata GC Threshold)
[2021-08-13T12:37:43.618+0200][1.874s] GC(5) Using 13 workers of 13 for evacuation
[2021-08-13T12:37:43.620+0200][1.875s] GC(5)   Pre Evacuate Collection Set: 0.0ms
[2021-08-13T12:37:43.620+0200][1.875s] GC(5)   Evacuate Collection Set: 1.4ms
[2021-08-13T12:37:43.620+0200][1.875s] GC(5)   Post Evacuate Collection Set: 0.2ms
[2021-08-13T12:37:43.620+0200][1.875s] GC(5)   Other: 0.1ms
[2021-08-13T12:37:43.620+0200][1.875s] GC(5) Eden regions: 4->0(125)
[2021-08-13T12:37:43.620+0200][1.875s] GC(5) Survivor regions: 2->2(15)
[2021-08-13T12:37:43.620+0200][1.875s] GC(5) Old regions: 20->20
[2021-08-13T12:37:43.620+0200][1.875s] GC(5) Humongous regions: 4->4
[2021-08-13T12:37:43.620+0200][1.875s] GC(5) Metaspace: 34777K->34777K(1081344K)
[2021-08-13T12:37:43.620+0200][1.876s] GC(5) Pause Young (Concurrent Start) (Metadata GC Threshold) 28M->24M(512M) 1.814ms
[2021-08-13T12:37:43.620+0200][1.876s] GC(5) User=0.01s Sys=0.00s Real=0.00s
[2021-08-13T12:37:43.620+0200][1.876s] GC(6) Concurrent Cycle
[2021-08-13T12:37:43.620+0200][1.876s] GC(6) Concurrent Clear Claimed Marks
[2021-08-13T12:37:43.620+0200][1.876s] GC(6) Concurrent Clear Claimed Marks 0.014ms
[2021-08-13T12:37:43.620+0200][1.876s] GC(6) Concurrent Scan Root Regions
[2021-08-13T12:37:43.621+0200][1.876s] GC(6) Concurrent Scan Root Regions 0.806ms
[2021-08-13T12:37:43.621+0200][1.876s] GC(6) Concurrent Mark (1.876s)
[2021-08-13T12:37:43.621+0200][1.876s] GC(6) Concurrent Mark From Roots
[2021-08-13T12:37:43.621+0200][1.876s] GC(6) Using 3 workers of 3 for marking
[2021-08-13T12:37:43.628+0200][1.884s] GC(6) Concurrent Mark From Roots 7.686ms
[2021-08-13T12:37:43.628+0200][1.884s] GC(6) Concurrent Preclean
[2021-08-13T12:37:43.629+0200][1.884s] GC(6) Concurrent Preclean 0.089ms
[2021-08-13T12:37:43.629+0200][1.884s] GC(6) Concurrent Mark (1.876s, 1.884s) 7.805ms
[2021-08-13T12:37:43.629+0200][1.884s] GC(6) Pause Remark
[2021-08-13T12:37:43.630+0200][1.886s] GC(6) Cleaned string and symbol table, strings: 15898 processed, 24 removed, symbols: 112819 processed, 41 removed
[2021-08-13T12:37:43.630+0200][1.886s] GC(6) Pause Remark 25M->25M(512M) 1.445ms
[2021-08-13T12:37:43.630+0200][1.886s] GC(6) User=0.02s Sys=0.00s Real=0.00s
[2021-08-13T12:37:43.630+0200][1.886s] GC(6) Concurrent Rebuild Remembered Sets
[2021-08-13T12:37:43.634+0200][1.890s] GC(6) Concurrent Rebuild Remembered Sets 4.330ms
[2021-08-13T12:37:43.634+0200][1.890s] GC(6) Pause Cleanup
[2021-08-13T12:37:43.635+0200][1.890s] GC(6) Pause Cleanup 25M->25M(512M) 0.067ms
[2021-08-13T12:37:43.635+0200][1.890s] GC(6) User=0.00s Sys=0.00s Real=0.00s
[2021-08-13T12:37:43.635+0200][1.890s] GC(6) Concurrent Cleanup for Next Mark
[2021-08-13T12:37:43.635+0200][1.890s] GC(6) Concurrent Cleanup for Next Mark 0.138ms
[2021-08-13T12:37:43.635+0200][1.890s] GC(6) Concurrent Cycle 14.850ms
[2021-08-13T12:57:22.185+0200][1180.441s] Heap
[2021-08-13T12:57:22.185+0200][1180.441s]  garbage-first heap   total 524288K, used 149263K [0x00000000e0000000, 0x0000000100000000)
[2021-08-13T12:57:22.185+0200][1180.441s]   region size 1024K, 124 young (126976K), 2 survivors (2048K)
[2021-08-13T12:57:22.185+0200][1180.441s]  Metaspace       used 48186K, capacity 49201K, committed 49456K, reserved 1093632K
[2021-08-13T12:57:22.185+0200][1180.441s]   class space    used 5285K, capacity 5730K, committed 5760K, reserved 1048576K
