[2021-08-13T12:37:46.640+0200][0.032s] Heap region size: 1M
[2021-08-13T12:37:46.655+0200][0.047s] Using G1
[2021-08-13T12:37:46.655+0200][0.047s] Heap address: 0x00000000e0000000, size: 512 MB, Compressed Oops mode: 32-bit
[2021-08-13T12:37:46.997+0200][0.389s] GC(0) Pause Young (Normal) (G1 Evacuation Pause)
[2021-08-13T12:37:46.998+0200][0.390s] GC(0) Using 12 workers of 13 for evacuation
[2021-08-13T12:37:47.000+0200][0.392s] GC(0)   Pre Evacuate Collection Set: 0.0ms
[2021-08-13T12:37:47.000+0200][0.392s] GC(0)   Evacuate Collection Set: 1.5ms
[2021-08-13T12:37:47.000+0200][0.392s] GC(0)   Post Evacuate Collection Set: 0.4ms
[2021-08-13T12:37:47.000+0200][0.392s] GC(0)   Other: 1.1ms
[2021-08-13T12:37:47.000+0200][0.392s] GC(0) Eden regions: 30->0(304)
[2021-08-13T12:37:47.000+0200][0.392s] GC(0) Survivor regions: 0->3(4)
[2021-08-13T12:37:47.000+0200][0.392s] GC(0) Old regions: 0->0
[2021-08-13T12:37:47.000+0200][0.392s] GC(0) Humongous regions: 0->0
[2021-08-13T12:37:47.000+0200][0.392s] GC(0) Metaspace: 12699K->12699K(1060864K)
[2021-08-13T12:37:47.000+0200][0.392s] GC(0) Pause Young (Normal) (G1 Evacuation Pause) 30M->2M(512M) 3.012ms
[2021-08-13T12:37:47.000+0200][0.392s] GC(0) User=0.02s Sys=0.00s Real=0.00s
[2021-08-13T12:37:47.298+0200][0.690s] GC(1) Pause Young (Concurrent Start) (Metadata GC Threshold)
[2021-08-13T12:37:47.298+0200][0.690s] GC(1) Using 12 workers of 13 for evacuation
[2021-08-13T12:37:47.306+0200][0.698s] GC(1)   Pre Evacuate Collection Set: 0.0ms
[2021-08-13T12:37:47.306+0200][0.698s] GC(1)   Evacuate Collection Set: 8.0ms
[2021-08-13T12:37:47.306+0200][0.698s] GC(1)   Post Evacuate Collection Set: 0.4ms
[2021-08-13T12:37:47.306+0200][0.698s] GC(1)   Other: 0.1ms
[2021-08-13T12:37:47.306+0200][0.698s] GC(1) Eden regions: 41->0(59)
[2021-08-13T12:37:47.306+0200][0.698s] GC(1) Survivor regions: 3->12(39)
[2021-08-13T12:37:47.306+0200][0.698s] GC(1) Old regions: 0->0
[2021-08-13T12:37:47.306+0200][0.698s] GC(1) Humongous regions: 4->4
[2021-08-13T12:37:47.306+0200][0.698s] GC(1) Metaspace: 20673K->20673K(1069056K)
[2021-08-13T12:37:47.306+0200][0.698s] GC(1) Pause Young (Concurrent Start) (Metadata GC Threshold) 47M->15M(512M) 8.607ms
[2021-08-13T12:37:47.306+0200][0.698s] GC(1) User=0.05s Sys=0.00s Real=0.01s
[2021-08-13T12:37:47.306+0200][0.698s] GC(2) Concurrent Cycle
[2021-08-13T12:37:47.306+0200][0.698s] GC(2) Concurrent Clear Claimed Marks
[2021-08-13T12:37:47.306+0200][0.698s] GC(2) Concurrent Clear Claimed Marks 0.011ms
[2021-08-13T12:37:47.306+0200][0.698s] GC(2) Concurrent Scan Root Regions
[2021-08-13T12:37:47.308+0200][0.700s] GC(2) Concurrent Scan Root Regions 1.805ms
[2021-08-13T12:37:47.308+0200][0.700s] GC(2) Concurrent Mark (0.700s)
[2021-08-13T12:37:47.308+0200][0.700s] GC(2) Concurrent Mark From Roots
[2021-08-13T12:37:47.308+0200][0.700s] GC(2) Using 3 workers of 3 for marking
[2021-08-13T12:37:47.309+0200][0.701s] GC(2) Concurrent Mark From Roots 0.428ms
[2021-08-13T12:37:47.309+0200][0.701s] GC(2) Concurrent Preclean
[2021-08-13T12:37:47.309+0200][0.701s] GC(2) Concurrent Preclean 0.055ms
[2021-08-13T12:37:47.309+0200][0.701s] GC(2) Concurrent Mark (0.700s, 0.701s) 0.495ms
[2021-08-13T12:37:47.309+0200][0.701s] GC(2) Pause Remark
[2021-08-13T12:37:47.310+0200][0.702s] GC(2) Cleaned string and symbol table, strings: 9630 processed, 0 removed, symbols: 66924 processed, 17 removed
[2021-08-13T12:37:47.310+0200][0.702s] GC(2) Pause Remark 16M->16M(512M) 0.828ms
[2021-08-13T12:37:47.310+0200][0.702s] GC(2) User=0.00s Sys=0.00s Real=0.00s
[2021-08-13T12:37:47.310+0200][0.702s] GC(2) Concurrent Rebuild Remembered Sets
[2021-08-13T12:37:47.311+0200][0.703s] GC(2) Concurrent Rebuild Remembered Sets 1.311ms
[2021-08-13T12:37:47.311+0200][0.703s] GC(2) Pause Cleanup
[2021-08-13T12:37:47.311+0200][0.703s] GC(2) Pause Cleanup 16M->16M(512M) 0.074ms
[2021-08-13T12:37:47.311+0200][0.703s] GC(2) User=0.00s Sys=0.00s Real=0.00s
[2021-08-13T12:37:47.311+0200][0.703s] GC(2) Concurrent Cleanup for Next Mark
[2021-08-13T12:37:47.311+0200][0.703s] GC(2) Concurrent Cleanup for Next Mark 0.153ms
[2021-08-13T12:37:47.311+0200][0.703s] GC(2) Concurrent Cycle 4.870ms
[2021-08-13T12:37:47.650+0200][1.042s] GC(3) Pause Young (Normal) (G1 Evacuation Pause)
[2021-08-13T12:37:47.650+0200][1.042s] GC(3) Using 13 workers of 13 for evacuation
[2021-08-13T12:37:47.656+0200][1.048s] GC(3)   Pre Evacuate Collection Set: 0.0ms
[2021-08-13T12:37:47.656+0200][1.048s] GC(3)   Evacuate Collection Set: 5.2ms
[2021-08-13T12:37:47.656+0200][1.048s] GC(3)   Post Evacuate Collection Set: 0.6ms
[2021-08-13T12:37:47.656+0200][1.048s] GC(3)   Other: 0.2ms
[2021-08-13T12:37:47.656+0200][1.048s] GC(3) Eden regions: 47->0(71)
[2021-08-13T12:37:47.656+0200][1.048s] GC(3) Survivor regions: 12->8(8)
[2021-08-13T12:37:47.656+0200][1.048s] GC(3) Old regions: 0->12
[2021-08-13T12:37:47.656+0200][1.048s] GC(3) Humongous regions: 4->4
[2021-08-13T12:37:47.656+0200][1.048s] GC(3) Metaspace: 26806K->26806K(1073152K)
[2021-08-13T12:37:47.656+0200][1.048s] GC(3) Pause Young (Normal) (G1 Evacuation Pause) 62M->23M(512M) 5.975ms
[2021-08-13T12:37:47.656+0200][1.048s] GC(3) User=0.08s Sys=0.00s Real=0.01s
[2021-08-13T12:37:48.321+0200][1.713s] GC(4) Pause Young (Normal) (G1 Evacuation Pause)
[2021-08-13T12:37:48.321+0200][1.713s] GC(4) Using 13 workers of 13 for evacuation
[2021-08-13T12:37:48.323+0200][1.715s] GC(4)   Pre Evacuate Collection Set: 0.0ms
[2021-08-13T12:37:48.323+0200][1.715s] GC(4)   Evacuate Collection Set: 1.2ms
[2021-08-13T12:37:48.323+0200][1.715s] GC(4)   Post Evacuate Collection Set: 0.3ms
[2021-08-13T12:37:48.323+0200][1.715s] GC(4)   Other: 0.4ms
[2021-08-13T12:37:48.323+0200][1.715s] GC(4) Eden regions: 71->0(118)
[2021-08-13T12:37:48.323+0200][1.715s] GC(4) Survivor regions: 8->2(10)
[2021-08-13T12:37:48.323+0200][1.715s] GC(4) Old regions: 12->20
[2021-08-13T12:37:48.323+0200][1.715s] GC(4) Humongous regions: 4->4
[2021-08-13T12:37:48.323+0200][1.715s] GC(4) Metaspace: 32564K->32564K(1079296K)
[2021-08-13T12:37:48.323+0200][1.715s] GC(4) Pause Young (Normal) (G1 Evacuation Pause) 94M->24M(512M) 1.992ms
[2021-08-13T12:37:48.323+0200][1.715s] GC(4) User=0.03s Sys=0.00s Real=0.01s
[2021-08-13T12:37:48.447+0200][1.839s] GC(5) Pause Young (Concurrent Start) (Metadata GC Threshold)
[2021-08-13T12:37:48.447+0200][1.839s] GC(5) Using 13 workers of 13 for evacuation
[2021-08-13T12:37:48.450+0200][1.842s] GC(5)   Pre Evacuate Collection Set: 0.0ms
[2021-08-13T12:37:48.450+0200][1.842s] GC(5)   Evacuate Collection Set: 1.9ms
[2021-08-13T12:37:48.450+0200][1.842s] GC(5)   Post Evacuate Collection Set: 0.2ms
[2021-08-13T12:37:48.450+0200][1.842s] GC(5)   Other: 0.1ms
[2021-08-13T12:37:48.450+0200][1.842s] GC(5) Eden regions: 17->0(141)
[2021-08-13T12:37:48.450+0200][1.842s] GC(5) Survivor regions: 2->2(15)
[2021-08-13T12:37:48.450+0200][1.842s] GC(5) Old regions: 20->20
[2021-08-13T12:37:48.450+0200][1.842s] GC(5) Humongous regions: 4->4
[2021-08-13T12:37:48.450+0200][1.842s] GC(5) Metaspace: 34832K->34832K(1081344K)
[2021-08-13T12:37:48.450+0200][1.842s] GC(5) Pause Young (Concurrent Start) (Metadata GC Threshold) 41M->25M(512M) 2.364ms
[2021-08-13T12:37:48.450+0200][1.842s] GC(5) User=0.01s Sys=0.00s Real=0.00s
[2021-08-13T12:37:48.450+0200][1.842s] GC(6) Concurrent Cycle
[2021-08-13T12:37:48.450+0200][1.842s] GC(6) Concurrent Clear Claimed Marks
[2021-08-13T12:37:48.450+0200][1.842s] GC(6) Concurrent Clear Claimed Marks 0.013ms
[2021-08-13T12:37:48.450+0200][1.842s] GC(6) Concurrent Scan Root Regions
[2021-08-13T12:37:48.450+0200][1.842s] GC(6) Concurrent Scan Root Regions 0.716ms
[2021-08-13T12:37:48.450+0200][1.842s] GC(6) Concurrent Mark (1.842s)
[2021-08-13T12:37:48.450+0200][1.842s] GC(6) Concurrent Mark From Roots
[2021-08-13T12:37:48.450+0200][1.842s] GC(6) Using 3 workers of 3 for marking
[2021-08-13T12:37:48.461+0200][1.853s] GC(6) Concurrent Mark From Roots 10.169ms
[2021-08-13T12:37:48.461+0200][1.853s] GC(6) Concurrent Preclean
[2021-08-13T12:37:48.461+0200][1.853s] GC(6) Concurrent Preclean 0.100ms
[2021-08-13T12:37:48.461+0200][1.853s] GC(6) Concurrent Mark (1.842s, 1.853s) 10.304ms
[2021-08-13T12:37:48.461+0200][1.853s] GC(6) Pause Remark
[2021-08-13T12:37:48.463+0200][1.855s] GC(6) Cleaned string and symbol table, strings: 15926 processed, 25 removed, symbols: 112665 processed, 42 removed
[2021-08-13T12:37:48.463+0200][1.855s] GC(6) Pause Remark 25M->25M(512M) 1.998ms
[2021-08-13T12:37:48.463+0200][1.855s] GC(6) User=0.03s Sys=0.00s Real=0.00s
[2021-08-13T12:37:48.463+0200][1.855s] GC(6) Concurrent Rebuild Remembered Sets
[2021-08-13T12:37:48.470+0200][1.862s] GC(6) Concurrent Rebuild Remembered Sets 6.670ms
[2021-08-13T12:37:48.470+0200][1.862s] GC(6) Pause Cleanup
[2021-08-13T12:37:48.470+0200][1.862s] GC(6) Pause Cleanup 26M->26M(512M) 0.084ms
[2021-08-13T12:37:48.470+0200][1.862s] GC(6) User=0.00s Sys=0.00s Real=0.00s
[2021-08-13T12:37:48.470+0200][1.862s] GC(6) Concurrent Cleanup for Next Mark
[2021-08-13T12:37:48.470+0200][1.862s] GC(6) Concurrent Cleanup for Next Mark 0.241ms
[2021-08-13T12:37:48.470+0200][1.862s] GC(6) Concurrent Cycle 20.377ms
[2021-08-13T12:57:19.849+0200][1173.241s] Heap
[2021-08-13T12:57:19.849+0200][1173.241s]  garbage-first heap   total 524288K, used 116752K [0x00000000e0000000, 0x0000000100000000)
[2021-08-13T12:57:19.849+0200][1173.241s]   region size 1024K, 92 young (94208K), 2 survivors (2048K)
[2021-08-13T12:57:19.849+0200][1173.241s]  Metaspace       used 45191K, capacity 46188K, committed 46384K, reserved 1089536K
[2021-08-13T12:57:19.849+0200][1173.241s]   class space    used 5019K, capacity 5408K, committed 5504K, reserved 1048576K
