[2021-08-13T12:07:54.544+0200][0.023s] Heap region size: 1M
[2021-08-13T12:07:54.554+0200][0.034s] Using G1
[2021-08-13T12:07:54.554+0200][0.034s] Heap address: 0x00000000e0000000, size: 512 MB, Compressed Oops mode: 32-bit
[2021-08-13T12:07:54.893+0200][0.373s] GC(0) Pause Young (Normal) (G1 Evacuation Pause)
[2021-08-13T12:07:54.894+0200][0.374s] GC(0) Using 12 workers of 13 for evacuation
[2021-08-13T12:07:54.896+0200][0.376s] GC(0)   Pre Evacuate Collection Set: 0.0ms
[2021-08-13T12:07:54.896+0200][0.376s] GC(0)   Evacuate Collection Set: 1.5ms
[2021-08-13T12:07:54.896+0200][0.376s] GC(0)   Post Evacuate Collection Set: 0.4ms
[2021-08-13T12:07:54.896+0200][0.376s] GC(0)   Other: 1.1ms
[2021-08-13T12:07:54.896+0200][0.376s] GC(0) Eden regions: 30->0(304)
[2021-08-13T12:07:54.896+0200][0.376s] GC(0) Survivor regions: 0->3(4)
[2021-08-13T12:07:54.896+0200][0.376s] GC(0) Old regions: 0->0
[2021-08-13T12:07:54.896+0200][0.376s] GC(0) Humongous regions: 0->0
[2021-08-13T12:07:54.896+0200][0.376s] GC(0) Metaspace: 12691K->12691K(1060864K)
[2021-08-13T12:07:54.896+0200][0.376s] GC(0) Pause Young (Normal) (G1 Evacuation Pause) 30M->2M(512M) 2.997ms
[2021-08-13T12:07:54.896+0200][0.376s] GC(0) User=0.03s Sys=0.00s Real=0.00s
[2021-08-13T12:07:55.205+0200][0.684s] GC(1) Pause Young (Concurrent Start) (Metadata GC Threshold)
[2021-08-13T12:07:55.205+0200][0.684s] GC(1) Using 12 workers of 13 for evacuation
[2021-08-13T12:07:55.214+0200][0.694s] GC(1)   Pre Evacuate Collection Set: 0.0ms
[2021-08-13T12:07:55.214+0200][0.694s] GC(1)   Evacuate Collection Set: 8.6ms
[2021-08-13T12:07:55.214+0200][0.694s] GC(1)   Post Evacuate Collection Set: 0.5ms
[2021-08-13T12:07:55.214+0200][0.694s] GC(1)   Other: 0.2ms
[2021-08-13T12:07:55.214+0200][0.694s] GC(1) Eden regions: 42->0(60)
[2021-08-13T12:07:55.214+0200][0.694s] GC(1) Survivor regions: 3->12(39)
[2021-08-13T12:07:55.214+0200][0.694s] GC(1) Old regions: 0->0
[2021-08-13T12:07:55.214+0200][0.694s] GC(1) Humongous regions: 4->4
[2021-08-13T12:07:55.214+0200][0.694s] GC(1) Metaspace: 20755K->20755K(1069056K)
[2021-08-13T12:07:55.214+0200][0.694s] GC(1) Pause Young (Concurrent Start) (Metadata GC Threshold) 48M->15M(512M) 9.351ms
[2021-08-13T12:07:55.214+0200][0.694s] GC(1) User=0.05s Sys=0.00s Real=0.01s
[2021-08-13T12:07:55.214+0200][0.694s] GC(2) Concurrent Cycle
[2021-08-13T12:07:55.214+0200][0.694s] GC(2) Concurrent Clear Claimed Marks
[2021-08-13T12:07:55.214+0200][0.694s] GC(2) Concurrent Clear Claimed Marks 0.013ms
[2021-08-13T12:07:55.214+0200][0.694s] GC(2) Concurrent Scan Root Regions
[2021-08-13T12:07:55.216+0200][0.695s] GC(2) Concurrent Scan Root Regions 1.656ms
[2021-08-13T12:07:55.216+0200][0.695s] GC(2) Concurrent Mark (0.695s)
[2021-08-13T12:07:55.216+0200][0.695s] GC(2) Concurrent Mark From Roots
[2021-08-13T12:07:55.216+0200][0.695s] GC(2) Using 3 workers of 3 for marking
[2021-08-13T12:07:55.216+0200][0.696s] GC(2) Concurrent Mark From Roots 0.410ms
[2021-08-13T12:07:55.216+0200][0.696s] GC(2) Concurrent Preclean
[2021-08-13T12:07:55.216+0200][0.696s] GC(2) Concurrent Preclean 0.056ms
[2021-08-13T12:07:55.216+0200][0.696s] GC(2) Concurrent Mark (0.695s, 0.696s) 0.481ms
[2021-08-13T12:07:55.216+0200][0.696s] GC(2) Pause Remark
[2021-08-13T12:07:55.217+0200][0.697s] GC(2) Cleaned string and symbol table, strings: 9659 processed, 0 removed, symbols: 67138 processed, 21 removed
[2021-08-13T12:07:55.217+0200][0.697s] GC(2) Pause Remark 16M->16M(512M) 0.750ms
[2021-08-13T12:07:55.217+0200][0.697s] GC(2) User=0.01s Sys=0.00s Real=0.00s
[2021-08-13T12:07:55.217+0200][0.697s] GC(2) Concurrent Rebuild Remembered Sets
[2021-08-13T12:07:55.218+0200][0.698s] GC(2) Concurrent Rebuild Remembered Sets 1.278ms
[2021-08-13T12:07:55.218+0200][0.698s] GC(2) Pause Cleanup
[2021-08-13T12:07:55.218+0200][0.698s] GC(2) Pause Cleanup 16M->16M(512M) 0.076ms
[2021-08-13T12:07:55.218+0200][0.698s] GC(2) User=0.00s Sys=0.00s Real=0.00s
[2021-08-13T12:07:55.218+0200][0.698s] GC(2) Concurrent Cleanup for Next Mark
[2021-08-13T12:07:55.219+0200][0.698s] GC(2) Concurrent Cleanup for Next Mark 0.159ms
[2021-08-13T12:07:55.219+0200][0.698s] GC(2) Concurrent Cycle 4.624ms
[2021-08-13T12:07:55.529+0200][1.009s] GC(3) Pause Young (Normal) (G1 Evacuation Pause)
[2021-08-13T12:07:55.529+0200][1.009s] GC(3) Using 13 workers of 13 for evacuation
[2021-08-13T12:07:55.535+0200][1.015s] GC(3)   Pre Evacuate Collection Set: 0.0ms
[2021-08-13T12:07:55.535+0200][1.015s] GC(3)   Evacuate Collection Set: 5.4ms
[2021-08-13T12:07:55.535+0200][1.015s] GC(3)   Post Evacuate Collection Set: 0.5ms
[2021-08-13T12:07:55.535+0200][1.015s] GC(3)   Other: 0.2ms
[2021-08-13T12:07:55.535+0200][1.015s] GC(3) Eden regions: 46->0(70)
[2021-08-13T12:07:55.535+0200][1.015s] GC(3) Survivor regions: 12->8(8)
[2021-08-13T12:07:55.535+0200][1.015s] GC(3) Old regions: 0->12
[2021-08-13T12:07:55.535+0200][1.015s] GC(3) Humongous regions: 4->4
[2021-08-13T12:07:55.535+0200][1.015s] GC(3) Metaspace: 26530K->26530K(1073152K)
[2021-08-13T12:07:55.535+0200][1.015s] GC(3) Pause Young (Normal) (G1 Evacuation Pause) 61M->23M(512M) 6.229ms
[2021-08-13T12:07:55.535+0200][1.015s] GC(3) User=0.07s Sys=0.01s Real=0.00s
[2021-08-13T12:07:56.147+0200][1.626s] GC(4) Pause Young (Concurrent Start) (Metadata GC Threshold)
[2021-08-13T12:07:56.147+0200][1.627s] GC(4) Using 13 workers of 13 for evacuation
[2021-08-13T12:07:56.154+0200][1.633s] GC(4)   Pre Evacuate Collection Set: 0.0ms
[2021-08-13T12:07:56.154+0200][1.633s] GC(4)   Evacuate Collection Set: 6.2ms
[2021-08-13T12:07:56.154+0200][1.633s] GC(4)   Post Evacuate Collection Set: 0.3ms
[2021-08-13T12:07:56.154+0200][1.633s] GC(4)   Other: 0.1ms
[2021-08-13T12:07:56.154+0200][1.633s] GC(4) Eden regions: 67->0(108)
[2021-08-13T12:07:56.154+0200][1.633s] GC(4) Survivor regions: 8->2(10)
[2021-08-13T12:07:56.154+0200][1.633s] GC(4) Old regions: 12->20
[2021-08-13T12:07:56.154+0200][1.633s] GC(4) Humongous regions: 4->4
[2021-08-13T12:07:56.154+0200][1.633s] GC(4) Metaspace: 34817K->34817K(1081344K)
[2021-08-13T12:07:56.154+0200][1.633s] GC(4) Pause Young (Concurrent Start) (Metadata GC Threshold) 90M->25M(512M) 6.783ms
[2021-08-13T12:07:56.154+0200][1.633s] GC(4) User=0.03s Sys=0.00s Real=0.01s
[2021-08-13T12:07:56.154+0200][1.633s] GC(5) Concurrent Cycle
[2021-08-13T12:07:56.154+0200][1.633s] GC(5) Concurrent Clear Claimed Marks
[2021-08-13T12:07:56.154+0200][1.633s] GC(5) Concurrent Clear Claimed Marks 0.018ms
[2021-08-13T12:07:56.154+0200][1.633s] GC(5) Concurrent Scan Root Regions
[2021-08-13T12:07:56.155+0200][1.634s] GC(5) Concurrent Scan Root Regions 0.799ms
[2021-08-13T12:07:56.155+0200][1.634s] GC(5) Concurrent Mark (1.634s)
[2021-08-13T12:07:56.155+0200][1.634s] GC(5) Concurrent Mark From Roots
[2021-08-13T12:07:56.155+0200][1.634s] GC(5) Using 3 workers of 3 for marking
[2021-08-13T12:07:56.165+0200][1.644s] GC(5) Concurrent Mark From Roots 10.180ms
[2021-08-13T12:07:56.165+0200][1.644s] GC(5) Concurrent Preclean
[2021-08-13T12:07:56.165+0200][1.644s] GC(5) Concurrent Preclean 0.101ms
[2021-08-13T12:07:56.165+0200][1.644s] GC(5) Concurrent Mark (1.634s, 1.644s) 10.315ms
[2021-08-13T12:07:56.165+0200][1.645s] GC(5) Pause Remark
[2021-08-13T12:07:56.168+0200][1.648s] GC(5) Cleaned string and symbol table, strings: 15866 processed, 21 removed, symbols: 112606 processed, 42 removed
[2021-08-13T12:07:56.168+0200][1.648s] GC(5) Pause Remark 25M->25M(512M) 3.246ms
[2021-08-13T12:07:56.168+0200][1.648s] GC(5) User=0.05s Sys=0.00s Real=0.01s
[2021-08-13T12:07:56.168+0200][1.648s] GC(5) Concurrent Rebuild Remembered Sets
[2021-08-13T12:07:56.174+0200][1.653s] GC(5) Concurrent Rebuild Remembered Sets 5.455ms
[2021-08-13T12:07:56.174+0200][1.653s] GC(5) Pause Cleanup
[2021-08-13T12:07:56.174+0200][1.654s] GC(5) Pause Cleanup 27M->27M(512M) 0.089ms
[2021-08-13T12:07:56.174+0200][1.654s] GC(5) User=0.00s Sys=0.00s Real=0.00s
[2021-08-13T12:07:56.174+0200][1.654s] GC(5) Concurrent Cleanup for Next Mark
[2021-08-13T12:07:56.174+0200][1.654s] GC(5) Concurrent Cleanup for Next Mark 0.199ms
[2021-08-13T12:07:56.174+0200][1.654s] GC(5) Concurrent Cycle 20.502ms
[2021-08-13T12:09:02.500+0200][67.980s] Heap
[2021-08-13T12:09:02.500+0200][67.980s]  garbage-first heap   total 524288K, used 112701K [0x00000000e0000000, 0x0000000100000000)
[2021-08-13T12:09:02.500+0200][67.980s]   region size 1024K, 88 young (90112K), 2 survivors (2048K)
[2021-08-13T12:09:02.500+0200][67.980s]  Metaspace       used 45288K, capacity 46294K, committed 46384K, reserved 1089536K
[2021-08-13T12:09:02.500+0200][67.980s]   class space    used 5056K, capacity 5470K, committed 5504K, reserved 1048576K
