[2021-08-13T12:09:38.856+0200][0.024s] Heap region size: 1M
[2021-08-13T12:09:38.865+0200][0.034s] Using G1
[2021-08-13T12:09:38.865+0200][0.034s] Heap address: 0x00000000e0000000, size: 512 MB, Compressed Oops mode: 32-bit
[2021-08-13T12:09:39.177+0200][0.345s] GC(0) Pause Young (Normal) (G1 Evacuation Pause)
[2021-08-13T12:09:39.178+0200][0.346s] GC(0) Using 12 workers of 13 for evacuation
[2021-08-13T12:09:39.179+0200][0.348s] GC(0)   Pre Evacuate Collection Set: 0.0ms
[2021-08-13T12:09:39.180+0200][0.348s] GC(0)   Evacuate Collection Set: 1.5ms
[2021-08-13T12:09:39.180+0200][0.348s] GC(0)   Post Evacuate Collection Set: 0.3ms
[2021-08-13T12:09:39.180+0200][0.348s] GC(0)   Other: 1.1ms
[2021-08-13T12:09:39.180+0200][0.348s] GC(0) Eden regions: 30->0(304)
[2021-08-13T12:09:39.180+0200][0.348s] GC(0) Survivor regions: 0->3(4)
[2021-08-13T12:09:39.180+0200][0.348s] GC(0) Old regions: 0->0
[2021-08-13T12:09:39.180+0200][0.348s] GC(0) Humongous regions: 0->0
[2021-08-13T12:09:39.180+0200][0.348s] GC(0) Metaspace: 12694K->12694K(1060864K)
[2021-08-13T12:09:39.180+0200][0.348s] GC(0) Pause Young (Normal) (G1 Evacuation Pause) 30M->2M(512M) 2.943ms
[2021-08-13T12:09:39.180+0200][0.348s] GC(0) User=0.03s Sys=0.00s Real=0.01s
[2021-08-13T12:09:39.494+0200][0.663s] GC(1) Pause Young (Concurrent Start) (Metadata GC Threshold)
[2021-08-13T12:09:39.494+0200][0.663s] GC(1) Using 12 workers of 13 for evacuation
[2021-08-13T12:09:39.503+0200][0.671s] GC(1)   Pre Evacuate Collection Set: 0.0ms
[2021-08-13T12:09:39.503+0200][0.671s] GC(1)   Evacuate Collection Set: 7.9ms
[2021-08-13T12:09:39.503+0200][0.671s] GC(1)   Post Evacuate Collection Set: 0.6ms
[2021-08-13T12:09:39.503+0200][0.671s] GC(1)   Other: 0.2ms
[2021-08-13T12:09:39.503+0200][0.671s] GC(1) Eden regions: 41->0(59)
[2021-08-13T12:09:39.503+0200][0.671s] GC(1) Survivor regions: 3->12(39)
[2021-08-13T12:09:39.503+0200][0.671s] GC(1) Old regions: 0->0
[2021-08-13T12:09:39.503+0200][0.671s] GC(1) Humongous regions: 4->4
[2021-08-13T12:09:39.503+0200][0.671s] GC(1) Metaspace: 20671K->20671K(1069056K)
[2021-08-13T12:09:39.503+0200][0.671s] GC(1) Pause Young (Concurrent Start) (Metadata GC Threshold) 47M->15M(512M) 8.670ms
[2021-08-13T12:09:39.503+0200][0.671s] GC(1) User=0.04s Sys=0.00s Real=0.01s
[2021-08-13T12:09:39.503+0200][0.672s] GC(2) Concurrent Cycle
[2021-08-13T12:09:39.503+0200][0.672s] GC(2) Concurrent Clear Claimed Marks
[2021-08-13T12:09:39.503+0200][0.672s] GC(2) Concurrent Clear Claimed Marks 0.014ms
[2021-08-13T12:09:39.503+0200][0.672s] GC(2) Concurrent Scan Root Regions
[2021-08-13T12:09:39.505+0200][0.673s] GC(2) Concurrent Scan Root Regions 1.739ms
[2021-08-13T12:09:39.505+0200][0.673s] GC(2) Concurrent Mark (0.673s)
[2021-08-13T12:09:39.505+0200][0.673s] GC(2) Concurrent Mark From Roots
[2021-08-13T12:09:39.505+0200][0.673s] GC(2) Using 3 workers of 3 for marking
[2021-08-13T12:09:39.505+0200][0.674s] GC(2) Concurrent Mark From Roots 0.428ms
[2021-08-13T12:09:39.505+0200][0.674s] GC(2) Concurrent Preclean
[2021-08-13T12:09:39.505+0200][0.674s] GC(2) Concurrent Preclean 0.057ms
[2021-08-13T12:09:39.505+0200][0.674s] GC(2) Concurrent Mark (0.673s, 0.674s) 0.496ms
[2021-08-13T12:09:39.505+0200][0.674s] GC(2) Pause Remark
[2021-08-13T12:09:39.506+0200][0.675s] GC(2) Cleaned string and symbol table, strings: 9648 processed, 0 removed, symbols: 66924 processed, 17 removed
[2021-08-13T12:09:39.506+0200][0.675s] GC(2) Pause Remark 16M->16M(512M) 0.764ms
[2021-08-13T12:09:39.506+0200][0.675s] GC(2) User=0.00s Sys=0.00s Real=0.00s
[2021-08-13T12:09:39.506+0200][0.675s] GC(2) Concurrent Rebuild Remembered Sets
[2021-08-13T12:09:39.507+0200][0.676s] GC(2) Concurrent Rebuild Remembered Sets 1.278ms
[2021-08-13T12:09:39.507+0200][0.676s] GC(2) Pause Cleanup
[2021-08-13T12:09:39.508+0200][0.676s] GC(2) Pause Cleanup 16M->16M(512M) 0.076ms
[2021-08-13T12:09:39.508+0200][0.676s] GC(2) User=0.01s Sys=0.00s Real=0.00s
[2021-08-13T12:09:39.508+0200][0.676s] GC(2) Concurrent Cleanup for Next Mark
[2021-08-13T12:09:39.508+0200][0.676s] GC(2) Concurrent Cleanup for Next Mark 0.175ms
[2021-08-13T12:09:39.508+0200][0.676s] GC(2) Concurrent Cycle 4.803ms
[2021-08-13T12:09:39.822+0200][0.990s] GC(3) Pause Young (Normal) (G1 Evacuation Pause)
[2021-08-13T12:09:39.822+0200][0.990s] GC(3) Using 13 workers of 13 for evacuation
[2021-08-13T12:09:39.828+0200][0.996s] GC(3)   Pre Evacuate Collection Set: 0.0ms
[2021-08-13T12:09:39.828+0200][0.996s] GC(3)   Evacuate Collection Set: 5.4ms
[2021-08-13T12:09:39.828+0200][0.996s] GC(3)   Post Evacuate Collection Set: 0.5ms
[2021-08-13T12:09:39.828+0200][0.996s] GC(3)   Other: 0.2ms
[2021-08-13T12:09:39.828+0200][0.996s] GC(3) Eden regions: 45->0(69)
[2021-08-13T12:09:39.828+0200][0.996s] GC(3) Survivor regions: 12->8(8)
[2021-08-13T12:09:39.828+0200][0.996s] GC(3) Old regions: 0->12
[2021-08-13T12:09:39.828+0200][0.996s] GC(3) Humongous regions: 4->4
[2021-08-13T12:09:39.828+0200][0.996s] GC(3) Metaspace: 26477K->26477K(1073152K)
[2021-08-13T12:09:39.828+0200][0.996s] GC(3) Pause Young (Normal) (G1 Evacuation Pause) 60M->23M(512M) 6.175ms
[2021-08-13T12:09:39.828+0200][0.996s] GC(3) User=0.05s Sys=0.02s Real=0.01s
[2021-08-13T12:09:40.484+0200][1.652s] GC(4) Pause Young (Concurrent Start) (Metadata GC Threshold)
[2021-08-13T12:09:40.484+0200][1.652s] GC(4) Using 13 workers of 13 for evacuation
[2021-08-13T12:09:40.489+0200][1.657s] GC(4)   Pre Evacuate Collection Set: 0.0ms
[2021-08-13T12:09:40.489+0200][1.657s] GC(4)   Evacuate Collection Set: 4.8ms
[2021-08-13T12:09:40.489+0200][1.657s] GC(4)   Post Evacuate Collection Set: 0.2ms
[2021-08-13T12:09:40.489+0200][1.657s] GC(4)   Other: 0.1ms
[2021-08-13T12:09:40.489+0200][1.657s] GC(4) Eden regions: 67->0(108)
[2021-08-13T12:09:40.489+0200][1.657s] GC(4) Survivor regions: 8->2(10)
[2021-08-13T12:09:40.489+0200][1.657s] GC(4) Old regions: 12->20
[2021-08-13T12:09:40.489+0200][1.657s] GC(4) Humongous regions: 4->4
[2021-08-13T12:09:40.489+0200][1.657s] GC(4) Metaspace: 34745K->34745K(1081344K)
[2021-08-13T12:09:40.489+0200][1.657s] GC(4) Pause Young (Concurrent Start) (Metadata GC Threshold) 89M->25M(512M) 5.193ms
[2021-08-13T12:09:40.489+0200][1.657s] GC(4) User=0.01s Sys=0.00s Real=0.01s
[2021-08-13T12:09:40.489+0200][1.657s] GC(5) Concurrent Cycle
[2021-08-13T12:09:40.489+0200][1.657s] GC(5) Concurrent Clear Claimed Marks
[2021-08-13T12:09:40.489+0200][1.658s] GC(5) Concurrent Clear Claimed Marks 0.014ms
[2021-08-13T12:09:40.489+0200][1.658s] GC(5) Concurrent Scan Root Regions
[2021-08-13T12:09:40.490+0200][1.658s] GC(5) Concurrent Scan Root Regions 0.575ms
[2021-08-13T12:09:40.490+0200][1.658s] GC(5) Concurrent Mark (1.658s)
[2021-08-13T12:09:40.490+0200][1.658s] GC(5) Concurrent Mark From Roots
[2021-08-13T12:09:40.490+0200][1.658s] GC(5) Using 3 workers of 3 for marking
[2021-08-13T12:09:40.499+0200][1.667s] GC(5) Concurrent Mark From Roots 9.347ms
[2021-08-13T12:09:40.499+0200][1.667s] GC(5) Concurrent Preclean
[2021-08-13T12:09:40.499+0200][1.668s] GC(5) Concurrent Preclean 0.136ms
[2021-08-13T12:09:40.499+0200][1.668s] GC(5) Concurrent Mark (1.658s, 1.668s) 9.528ms
[2021-08-13T12:09:40.499+0200][1.668s] GC(5) Pause Remark
[2021-08-13T12:09:40.500+0200][1.669s] GC(5) Cleaned string and symbol table, strings: 15902 processed, 20 removed, symbols: 112459 processed, 41 removed
[2021-08-13T12:09:40.500+0200][1.669s] GC(5) Pause Remark 25M->25M(512M) 1.307ms
[2021-08-13T12:09:40.501+0200][1.669s] GC(5) User=0.01s Sys=0.00s Real=0.01s
[2021-08-13T12:09:40.501+0200][1.669s] GC(5) Concurrent Rebuild Remembered Sets
[2021-08-13T12:09:40.505+0200][1.674s] GC(5) Concurrent Rebuild Remembered Sets 4.644ms
[2021-08-13T12:09:40.505+0200][1.674s] GC(5) Pause Cleanup
[2021-08-13T12:09:40.505+0200][1.674s] GC(5) Pause Cleanup 26M->26M(512M) 0.064ms
[2021-08-13T12:09:40.505+0200][1.674s] GC(5) User=0.00s Sys=0.00s Real=0.00s
[2021-08-13T12:09:40.505+0200][1.674s] GC(5) Concurrent Cleanup for Next Mark
[2021-08-13T12:09:40.506+0200][1.674s] GC(5) Concurrent Cleanup for Next Mark 0.166ms
[2021-08-13T12:09:40.506+0200][1.674s] GC(5) Concurrent Cycle 16.562ms
[2021-08-13T12:10:00.407+0200][21.575s] GC(6) Pause Young (Normal) (G1 Evacuation Pause)
[2021-08-13T12:10:00.407+0200][21.575s] GC(6) Using 13 workers of 13 for evacuation
[2021-08-13T12:10:00.410+0200][21.578s] GC(6)   Pre Evacuate Collection Set: 0.0ms
[2021-08-13T12:10:00.410+0200][21.579s] GC(6)   Evacuate Collection Set: 2.6ms
[2021-08-13T12:10:00.410+0200][21.579s] GC(6)   Post Evacuate Collection Set: 0.4ms
[2021-08-13T12:10:00.410+0200][21.579s] GC(6)   Other: 0.1ms
[2021-08-13T12:10:00.410+0200][21.579s] GC(6) Eden regions: 108->0(161)
[2021-08-13T12:10:00.410+0200][21.579s] GC(6) Survivor regions: 2->8(14)
[2021-08-13T12:10:00.410+0200][21.579s] GC(6) Old regions: 20->20
[2021-08-13T12:10:00.410+0200][21.579s] GC(6) Humongous regions: 4->4
[2021-08-13T12:10:00.410+0200][21.579s] GC(6) Metaspace: 47659K->47659K(1093632K)
[2021-08-13T12:10:00.410+0200][21.579s] GC(6) Pause Young (Normal) (G1 Evacuation Pause) 133M->30M(512M) 3.201ms
[2021-08-13T12:10:00.410+0200][21.579s] GC(6) User=0.02s Sys=0.01s Real=0.01s
[2021-08-13T12:36:25.121+0200][1606.289s] Heap
[2021-08-13T12:36:25.121+0200][1606.289s]  garbage-first heap   total 524288K, used 89643K [0x00000000e0000000, 0x0000000100000000)
[2021-08-13T12:36:25.121+0200][1606.289s]   region size 1024K, 67 young (68608K), 8 survivors (8192K)
[2021-08-13T12:36:25.121+0200][1606.289s]  Metaspace       used 49777K, capacity 50961K, committed 51248K, reserved 1095680K
[2021-08-13T12:36:25.121+0200][1606.289s]   class space    used 5414K, capacity 5902K, committed 6016K, reserved 1048576K
