[2021-08-13T13:10:15.595+0200][0.022s] Heap region size: 1M
[2021-08-13T13:10:15.605+0200][0.031s] Using G1
[2021-08-13T13:10:15.605+0200][0.031s] Heap address: 0x00000000e0000000, size: 512 MB, Compressed Oops mode: 32-bit
[2021-08-13T13:10:15.922+0200][0.349s] GC(0) Pause Young (Normal) (G1 Evacuation Pause)
[2021-08-13T13:10:15.923+0200][0.350s] GC(0) Using 12 workers of 13 for evacuation
[2021-08-13T13:10:15.925+0200][0.351s] GC(0)   Pre Evacuate Collection Set: 0.0ms
[2021-08-13T13:10:15.925+0200][0.351s] GC(0)   Evacuate Collection Set: 1.5ms
[2021-08-13T13:10:15.925+0200][0.351s] GC(0)   Post Evacuate Collection Set: 0.3ms
[2021-08-13T13:10:15.925+0200][0.351s] GC(0)   Other: 1.0ms
[2021-08-13T13:10:15.925+0200][0.351s] GC(0) Eden regions: 30->0(304)
[2021-08-13T13:10:15.925+0200][0.351s] GC(0) Survivor regions: 0->3(4)
[2021-08-13T13:10:15.925+0200][0.351s] GC(0) Old regions: 0->0
[2021-08-13T13:10:15.925+0200][0.351s] GC(0) Humongous regions: 0->0
[2021-08-13T13:10:15.925+0200][0.351s] GC(0) Metaspace: 12695K->12695K(1060864K)
[2021-08-13T13:10:15.925+0200][0.351s] GC(0) Pause Young (Normal) (G1 Evacuation Pause) 30M->2M(512M) 2.874ms
[2021-08-13T13:10:15.925+0200][0.351s] GC(0) User=0.02s Sys=0.01s Real=0.00s
[2021-08-13T13:10:16.255+0200][0.681s] GC(1) Pause Young (Concurrent Start) (Metadata GC Threshold)
[2021-08-13T13:10:16.255+0200][0.681s] GC(1) Using 12 workers of 13 for evacuation
[2021-08-13T13:10:16.263+0200][0.690s] GC(1)   Pre Evacuate Collection Set: 0.0ms
[2021-08-13T13:10:16.264+0200][0.690s] GC(1)   Evacuate Collection Set: 8.2ms
[2021-08-13T13:10:16.264+0200][0.690s] GC(1)   Post Evacuate Collection Set: 0.5ms
[2021-08-13T13:10:16.264+0200][0.690s] GC(1)   Other: 0.2ms
[2021-08-13T13:10:16.264+0200][0.690s] GC(1) Eden regions: 41->0(59)
[2021-08-13T13:10:16.264+0200][0.690s] GC(1) Survivor regions: 3->12(39)
[2021-08-13T13:10:16.264+0200][0.690s] GC(1) Old regions: 0->0
[2021-08-13T13:10:16.264+0200][0.690s] GC(1) Humongous regions: 4->4
[2021-08-13T13:10:16.264+0200][0.690s] GC(1) Metaspace: 20669K->20669K(1069056K)
[2021-08-13T13:10:16.264+0200][0.690s] GC(1) Pause Young (Concurrent Start) (Metadata GC Threshold) 47M->15M(512M) 8.885ms
[2021-08-13T13:10:16.264+0200][0.690s] GC(1) User=0.04s Sys=0.01s Real=0.01s
[2021-08-13T13:10:16.264+0200][0.690s] GC(2) Concurrent Cycle
[2021-08-13T13:10:16.264+0200][0.690s] GC(2) Concurrent Clear Claimed Marks
[2021-08-13T13:10:16.264+0200][0.690s] GC(2) Concurrent Clear Claimed Marks 0.012ms
[2021-08-13T13:10:16.264+0200][0.690s] GC(2) Concurrent Scan Root Regions
[2021-08-13T13:10:16.266+0200][0.692s] GC(2) Concurrent Scan Root Regions 1.929ms
[2021-08-13T13:10:16.266+0200][0.692s] GC(2) Concurrent Mark (0.692s)
[2021-08-13T13:10:16.266+0200][0.692s] GC(2) Concurrent Mark From Roots
[2021-08-13T13:10:16.266+0200][0.692s] GC(2) Using 3 workers of 3 for marking
[2021-08-13T13:10:16.266+0200][0.693s] GC(2) Concurrent Mark From Roots 0.446ms
[2021-08-13T13:10:16.266+0200][0.693s] GC(2) Concurrent Preclean
[2021-08-13T13:10:16.266+0200][0.693s] GC(2) Concurrent Preclean 0.058ms
[2021-08-13T13:10:16.266+0200][0.693s] GC(2) Concurrent Mark (0.692s, 0.693s) 0.522ms
[2021-08-13T13:10:16.266+0200][0.693s] GC(2) Pause Remark
[2021-08-13T13:10:16.267+0200][0.693s] GC(2) Cleaned string and symbol table, strings: 9630 processed, 0 removed, symbols: 66924 processed, 17 removed
[2021-08-13T13:10:16.267+0200][0.693s] GC(2) Pause Remark 16M->16M(512M) 0.798ms
[2021-08-13T13:10:16.267+0200][0.693s] GC(2) User=0.01s Sys=0.00s Real=0.00s
[2021-08-13T13:10:16.267+0200][0.694s] GC(2) Concurrent Rebuild Remembered Sets
[2021-08-13T13:10:16.268+0200][0.695s] GC(2) Concurrent Rebuild Remembered Sets 1.339ms
[2021-08-13T13:10:16.268+0200][0.695s] GC(2) Pause Cleanup
[2021-08-13T13:10:16.268+0200][0.695s] GC(2) Pause Cleanup 16M->16M(512M) 0.074ms
[2021-08-13T13:10:16.269+0200][0.695s] GC(2) User=0.00s Sys=0.00s Real=0.00s
[2021-08-13T13:10:16.269+0200][0.695s] GC(2) Concurrent Cleanup for Next Mark
[2021-08-13T13:10:16.269+0200][0.695s] GC(2) Concurrent Cleanup for Next Mark 0.175ms
[2021-08-13T13:10:16.269+0200][0.695s] GC(2) Concurrent Cycle 5.096ms
[2021-08-13T13:10:16.590+0200][1.016s] GC(3) Pause Young (Normal) (G1 Evacuation Pause)
[2021-08-13T13:10:16.590+0200][1.016s] GC(3) Using 13 workers of 13 for evacuation
[2021-08-13T13:10:16.595+0200][1.022s] GC(3)   Pre Evacuate Collection Set: 0.0ms
[2021-08-13T13:10:16.595+0200][1.022s] GC(3)   Evacuate Collection Set: 5.1ms
[2021-08-13T13:10:16.595+0200][1.022s] GC(3)   Post Evacuate Collection Set: 0.5ms
[2021-08-13T13:10:16.595+0200][1.022s] GC(3)   Other: 0.2ms
[2021-08-13T13:10:16.595+0200][1.022s] GC(3) Eden regions: 44->0(69)
[2021-08-13T13:10:16.595+0200][1.022s] GC(3) Survivor regions: 12->7(7)
[2021-08-13T13:10:16.595+0200][1.022s] GC(3) Old regions: 0->13
[2021-08-13T13:10:16.595+0200][1.022s] GC(3) Humongous regions: 4->4
[2021-08-13T13:10:16.595+0200][1.022s] GC(3) Metaspace: 26351K->26351K(1073152K)
[2021-08-13T13:10:16.595+0200][1.022s] GC(3) Pause Young (Normal) (G1 Evacuation Pause) 59M->23M(512M) 5.846ms
[2021-08-13T13:10:16.595+0200][1.022s] GC(3) User=0.06s Sys=0.02s Real=0.01s
[2021-08-13T13:10:17.204+0200][1.630s] GC(4) Pause Young (Concurrent Start) (Metadata GC Threshold)
[2021-08-13T13:10:17.204+0200][1.630s] GC(4) Using 13 workers of 13 for evacuation
[2021-08-13T13:10:17.209+0200][1.636s] GC(4)   Pre Evacuate Collection Set: 0.0ms
[2021-08-13T13:10:17.209+0200][1.636s] GC(4)   Evacuate Collection Set: 5.2ms
[2021-08-13T13:10:17.209+0200][1.636s] GC(4)   Post Evacuate Collection Set: 0.3ms
[2021-08-13T13:10:17.209+0200][1.636s] GC(4)   Other: 0.1ms
[2021-08-13T13:10:17.209+0200][1.636s] GC(4) Eden regions: 68->0(109)
[2021-08-13T13:10:17.209+0200][1.636s] GC(4) Survivor regions: 7->2(10)
[2021-08-13T13:10:17.209+0200][1.636s] GC(4) Old regions: 13->20
[2021-08-13T13:10:17.209+0200][1.636s] GC(4) Humongous regions: 4->4
[2021-08-13T13:10:17.209+0200][1.636s] GC(4) Metaspace: 34884K->34884K(1081344K)
[2021-08-13T13:10:17.209+0200][1.636s] GC(4) Pause Young (Concurrent Start) (Metadata GC Threshold) 90M->25M(512M) 5.708ms
[2021-08-13T13:10:17.209+0200][1.636s] GC(4) User=0.03s Sys=0.00s Real=0.01s
[2021-08-13T13:10:17.209+0200][1.636s] GC(5) Concurrent Cycle
[2021-08-13T13:10:17.209+0200][1.636s] GC(5) Concurrent Clear Claimed Marks
[2021-08-13T13:10:17.209+0200][1.636s] GC(5) Concurrent Clear Claimed Marks 0.013ms
[2021-08-13T13:10:17.209+0200][1.636s] GC(5) Concurrent Scan Root Regions
[2021-08-13T13:10:17.210+0200][1.636s] GC(5) Concurrent Scan Root Regions 0.589ms
[2021-08-13T13:10:17.210+0200][1.636s] GC(5) Concurrent Mark (1.636s)
[2021-08-13T13:10:17.210+0200][1.636s] GC(5) Concurrent Mark From Roots
[2021-08-13T13:10:17.210+0200][1.636s] GC(5) Using 3 workers of 3 for marking
[2021-08-13T13:10:17.219+0200][1.646s] GC(5) Concurrent Mark From Roots 9.089ms
[2021-08-13T13:10:17.219+0200][1.646s] GC(5) Concurrent Preclean
[2021-08-13T13:10:17.219+0200][1.646s] GC(5) Concurrent Preclean 0.095ms
[2021-08-13T13:10:17.219+0200][1.646s] GC(5) Concurrent Mark (1.636s, 1.646s) 9.217ms
[2021-08-13T13:10:17.219+0200][1.646s] GC(5) Pause Remark
[2021-08-13T13:10:17.221+0200][1.648s] GC(5) Cleaned string and symbol table, strings: 15915 processed, 21 removed, symbols: 113184 processed, 42 removed
[2021-08-13T13:10:17.221+0200][1.648s] GC(5) Pause Remark 26M->26M(512M) 1.936ms
[2021-08-13T13:10:17.221+0200][1.648s] GC(5) User=0.02s Sys=0.00s Real=0.00s
[2021-08-13T13:10:17.221+0200][1.648s] GC(5) Concurrent Rebuild Remembered Sets
[2021-08-13T13:10:17.226+0200][1.652s] GC(5) Concurrent Rebuild Remembered Sets 4.801ms
[2021-08-13T13:10:17.226+0200][1.653s] GC(5) Pause Cleanup
[2021-08-13T13:10:17.226+0200][1.653s] GC(5) Pause Cleanup 26M->26M(512M) 0.086ms
[2021-08-13T13:10:17.226+0200][1.653s] GC(5) User=0.00s Sys=0.00s Real=0.00s
[2021-08-13T13:10:17.226+0200][1.653s] GC(5) Concurrent Cleanup for Next Mark
[2021-08-13T13:10:17.226+0200][1.653s] GC(5) Concurrent Cleanup for Next Mark 0.171ms
[2021-08-13T13:10:17.226+0200][1.653s] GC(5) Concurrent Cycle 17.062ms
[2021-08-13T13:10:25.701+0200][10.128s] Heap
[2021-08-13T13:10:25.701+0200][10.128s]  garbage-first heap   total 524288K, used 97904K [0x00000000e0000000, 0x0000000100000000)
[2021-08-13T13:10:25.701+0200][10.128s]   region size 1024K, 73 young (74752K), 2 survivors (2048K)
[2021-08-13T13:10:25.701+0200][10.128s]  Metaspace       used 43386K, capacity 44378K, committed 44592K, reserved 1089536K
[2021-08-13T13:10:25.701+0200][10.128s]   class space    used 4794K, capacity 5169K, committed 5248K, reserved 1048576K
