[2021-08-11T23:02:58.414+0200][0.003s] Using Concurrent Mark Sweep
[2021-08-11T23:02:58.414+0200][0.003s] Heap address: 0x00000000e0000000, size: 512 MB, Compressed Oops mode: 32-bit
[2021-08-11T23:02:59.147+0200][0.736s] GC(0) Pause Young (Allocation Failure)
[2021-08-11T23:02:59.148+0200][0.737s] GC(0) Using 4 workers of 4 for evacuation
[2021-08-11T23:02:59.152+0200][0.741s] GC(0) ParNew: 87424K->9500K(109248K)
[2021-08-11T23:02:59.153+0200][0.741s] GC(0) CMS: 0K->0K(393216K)
[2021-08-11T23:02:59.153+0200][0.741s] GC(0) Metaspace: 21518K->21518K(1069056K)
[2021-08-11T23:02:59.153+0200][0.741s] GC(0) Pause Young (Allocation Failure) 85M->9M(490M) 5.081ms
[2021-08-11T23:02:59.153+0200][0.741s] GC(0) User=0.01s Sys=0.00s Real=0.01s
[2021-08-11T23:02:59.153+0200][0.742s] GC(1) Pause Initial Mark
[2021-08-11T23:02:59.154+0200][0.743s] GC(1) Pause Initial Mark 10M->10M(490M) 1.043ms
[2021-08-11T23:02:59.154+0200][0.743s] GC(1) User=0.00s Sys=0.00s Real=0.00s
[2021-08-11T23:02:59.154+0200][0.743s] GC(1) Concurrent Mark
[2021-08-11T23:02:59.154+0200][0.743s] GC(1) Using 4 workers of 4 for marking
[2021-08-11T23:02:59.154+0200][0.743s] GC(1) Concurrent Mark 0.270ms
[2021-08-11T23:02:59.154+0200][0.743s] GC(1) User=0.00s Sys=0.00s Real=0.00s
[2021-08-11T23:02:59.154+0200][0.743s] GC(1) Concurrent Preclean
[2021-08-11T23:02:59.155+0200][0.744s] GC(1) Concurrent Preclean 0.418ms
[2021-08-11T23:02:59.155+0200][0.744s] GC(1) User=0.00s Sys=0.00s Real=0.00s
[2021-08-11T23:02:59.155+0200][0.744s] GC(1) Concurrent Abortable Preclean
[2021-08-11T23:02:59.452+0200][1.041s] GC(1) Concurrent Abortable Preclean 296.828ms
[2021-08-11T23:02:59.452+0200][1.041s] GC(1) User=1.13s Sys=0.04s Real=0.30s
[2021-08-11T23:02:59.452+0200][1.041s] GC(1) Pause Remark
[2021-08-11T23:02:59.452+0200][1.041s] GC(2) Pause Young (CMS Final Remark)
[2021-08-11T23:02:59.452+0200][1.041s] GC(2) Using 4 workers of 4 for evacuation
[2021-08-11T23:02:59.457+0200][1.046s] GC(2) ParNew: 54834K->14399K(109248K)
[2021-08-11T23:02:59.457+0200][1.046s] GC(2) CMS: 0K->0K(393216K)
[2021-08-11T23:02:59.457+0200][1.046s] GC(2) Metaspace: 27028K->27028K(1075200K)
[2021-08-11T23:02:59.457+0200][1.046s] GC(2) Pause Young (CMS Final Remark) 53M->14M(490M) 5.327ms
[2021-08-11T23:02:59.457+0200][1.046s] GC(2) User=0.01s Sys=0.00s Real=0.00s
[2021-08-11T23:02:59.462+0200][1.051s] GC(1) Pause Remark 53M->14M(490M) 10.120ms
[2021-08-11T23:02:59.462+0200][1.051s] GC(1) User=0.02s Sys=0.00s Real=0.01s
[2021-08-11T23:02:59.462+0200][1.051s] GC(1) Concurrent Sweep
[2021-08-11T23:02:59.462+0200][1.051s] GC(1) Concurrent Sweep 0.020ms
[2021-08-11T23:02:59.462+0200][1.051s] GC(1) User=0.00s Sys=0.00s Real=0.00s
[2021-08-11T23:02:59.462+0200][1.051s] GC(1) Concurrent Reset
[2021-08-11T23:02:59.464+0200][1.053s] GC(1) Concurrent Reset 2.245ms
[2021-08-11T23:02:59.464+0200][1.053s] GC(1) User=0.01s Sys=0.01s Real=0.00s
[2021-08-11T23:02:59.464+0200][1.053s] GC(1) Old: 0K->0K(393216K)
[2021-08-11T23:08:32.870+0200][334.459s] Heap
[2021-08-11T23:08:32.870+0200][334.459s]  par new generation   total 109248K, used 55165K [0x00000000e0000000, 0x00000000e8000000, 0x00000000e8000000)
[2021-08-11T23:08:32.870+0200][334.459s]   eden space 87424K,  46% used [0x00000000e0000000, 0x00000000e27cf918, 0x00000000e5560000)
[2021-08-11T23:08:32.870+0200][334.459s]   from space 21824K,  65% used [0x00000000e5560000, 0x00000000e636fe98, 0x00000000e6ab0000)
[2021-08-11T23:08:32.870+0200][334.459s]   to   space 21824K,   0% used [0x00000000e6ab0000, 0x00000000e6ab0000, 0x00000000e8000000)
[2021-08-11T23:08:32.870+0200][334.459s]  concurrent mark-sweep generation total 393216K, used 0K [0x00000000e8000000, 0x0000000100000000, 0x0000000100000000)
[2021-08-11T23:08:32.870+0200][334.459s]  Metaspace       used 29934K, capacity 30630K, committed 30880K, reserved 1077248K
[2021-08-11T23:08:32.870+0200][334.459s]   class space    used 3203K, capacity 3513K, committed 3552K, reserved 1048576K
