[2021-08-11T23:02:54.588+0200][0.021s] Using Concurrent Mark Sweep
[2021-08-11T23:02:54.588+0200][0.021s] Heap address: 0x00000000e0000000, size: 512 MB, Compressed Oops mode: 32-bit
[2021-08-11T23:02:55.291+0200][0.725s] GC(0) Pause Young (Allocation Failure)
[2021-08-11T23:02:55.291+0200][0.725s] GC(0) Using 4 workers of 4 for evacuation
[2021-08-11T23:02:55.296+0200][0.730s] GC(0) ParNew: 87424K->9476K(109248K)
[2021-08-11T23:02:55.296+0200][0.730s] GC(0) CMS: 0K->0K(393216K)
[2021-08-11T23:02:55.296+0200][0.730s] GC(0) Metaspace: 21518K->21518K(1069056K)
[2021-08-11T23:02:55.296+0200][0.730s] GC(0) Pause Young (Allocation Failure) 85M->9M(490M) 5.079ms
[2021-08-11T23:02:55.296+0200][0.730s] GC(0) User=0.02s Sys=0.00s Real=0.00s
[2021-08-11T23:02:55.296+0200][0.730s] GC(1) Pause Initial Mark
[2021-08-11T23:02:55.297+0200][0.731s] GC(1) Pause Initial Mark 10M->10M(490M) 0.977ms
[2021-08-11T23:02:55.297+0200][0.731s] GC(1) User=0.00s Sys=0.00s Real=0.00s
[2021-08-11T23:02:55.297+0200][0.731s] GC(1) Concurrent Mark
[2021-08-11T23:02:55.297+0200][0.731s] GC(1) Using 4 workers of 4 for marking
[2021-08-11T23:02:55.298+0200][0.731s] GC(1) Concurrent Mark 0.276ms
[2021-08-11T23:02:55.298+0200][0.731s] GC(1) User=0.01s Sys=0.00s Real=0.00s
[2021-08-11T23:02:55.298+0200][0.731s] GC(1) Concurrent Preclean
[2021-08-11T23:02:55.298+0200][0.732s] GC(1) Concurrent Preclean 0.446ms
[2021-08-11T23:02:55.298+0200][0.732s] GC(1) User=0.00s Sys=0.00s Real=0.00s
[2021-08-11T23:02:55.298+0200][0.732s] GC(1) Concurrent Abortable Preclean
[2021-08-11T23:02:55.588+0200][1.022s] GC(1) Concurrent Abortable Preclean 289.638ms
[2021-08-11T23:02:55.588+0200][1.022s] GC(1) User=1.08s Sys=0.02s Real=0.28s
[2021-08-11T23:02:55.588+0200][1.022s] GC(1) Pause Remark
[2021-08-11T23:02:55.588+0200][1.022s] GC(2) Pause Young (CMS Final Remark)
[2021-08-11T23:02:55.588+0200][1.022s] GC(2) Using 4 workers of 4 for evacuation
[2021-08-11T23:02:55.593+0200][1.027s] GC(2) ParNew: 53446K->13996K(109248K)
[2021-08-11T23:02:55.593+0200][1.027s] GC(2) CMS: 0K->0K(393216K)
[2021-08-11T23:02:55.593+0200][1.027s] GC(2) Metaspace: 26853K->26853K(1075200K)
[2021-08-11T23:02:55.593+0200][1.027s] GC(2) Pause Young (CMS Final Remark) 52M->13M(490M) 5.233ms
[2021-08-11T23:02:55.593+0200][1.027s] GC(2) User=0.02s Sys=0.00s Real=0.01s
[2021-08-11T23:02:55.598+0200][1.032s] GC(1) Pause Remark 52M->13M(490M) 9.759ms
[2021-08-11T23:02:55.598+0200][1.032s] GC(1) User=0.03s Sys=0.00s Real=0.01s
[2021-08-11T23:02:55.598+0200][1.032s] GC(1) Concurrent Sweep
[2021-08-11T23:02:55.598+0200][1.032s] GC(1) Concurrent Sweep 0.026ms
[2021-08-11T23:02:55.598+0200][1.032s] GC(1) User=0.00s Sys=0.00s Real=0.00s
[2021-08-11T23:02:55.598+0200][1.032s] GC(1) Concurrent Reset
[2021-08-11T23:02:55.601+0200][1.034s] GC(1) Concurrent Reset 2.601ms
[2021-08-11T23:02:55.601+0200][1.034s] GC(1) User=0.00s Sys=0.00s Real=0.01s
[2021-08-11T23:02:55.601+0200][1.034s] GC(1) Old: 0K->0K(393216K)
[2021-08-11T23:08:35.259+0200][340.693s] Heap
[2021-08-11T23:08:35.259+0200][340.693s]  par new generation   total 109248K, used 72353K [0x00000000e0000000, 0x00000000e8000000, 0x00000000e8000000)
[2021-08-11T23:08:35.259+0200][340.693s]   eden space 87424K,  66% used [0x00000000e0000000, 0x00000000e38fd6a0, 0x00000000e5560000)
[2021-08-11T23:08:35.259+0200][340.693s]   from space 21824K,  64% used [0x00000000e5560000, 0x00000000e630b080, 0x00000000e6ab0000)
[2021-08-11T23:08:35.259+0200][340.693s]   to   space 21824K,   0% used [0x00000000e6ab0000, 0x00000000e6ab0000, 0x00000000e8000000)
[2021-08-11T23:08:35.259+0200][340.693s]  concurrent mark-sweep generation total 393216K, used 0K [0x00000000e8000000, 0x0000000100000000, 0x0000000100000000)
[2021-08-11T23:08:35.259+0200][340.693s]  Metaspace       used 31966K, capacity 32798K, committed 33108K, reserved 1079296K
[2021-08-11T23:08:35.259+0200][340.693s]   class space    used 3415K, capacity 3751K, committed 3784K, reserved 1048576K
